<?xml version="1.0" encoding="UTF-8"?>
<java version="1.8.0_191" class="java.beans.XMLDecoder">
 <object class="org.unibl.etf.model.ProlazakDTO">
  <void property="id">
   <string>001#101#2022_11_24T18_51_08#1</string>
  </void>
  <void property="idOsoba">
   <string>005</string>
  </void>
  <void property="informacije">
   <string>			005

18:51:08 2022-11-24
		POLICIJSKA_KONTROLA
18:51:13 2022-11-24
		NA_POTJERNICI
</string>
  </void>
  <void property="odabraniFajlovi">
   <array class="java.lang.String" length="20"/>
  </void>
  <void property="status">
   <string>NA_POTJERNICI</string>
  </void>
 </object>
</java>
