<?xml version="1.0" encoding="UTF-8"?>
<java version="1.8.0_191" class="java.beans.XMLDecoder">
 <object class="org.unibl.etf.model.ProlazakDTO">
  <void property="id">
   <string>001#101#2022_11_28T14_49_12#2</string>
  </void>
  <void property="idOsoba">
   <string>003</string>
  </void>
  <void property="informacije">
   <string>			003

14:49:13 2022-11-28
		POLICIJSKA_KONTROLA
14:49:13 2022-11-28
		NA_POTJERNICI
</string>
  </void>
  <void property="odabraniFajlovi">
   <array class="java.lang.String" length="20"/>
  </void>
  <void property="status">
   <string>NA_POTJERNICI</string>
  </void>
 </object>
</java>
