<?xml version="1.0" encoding="UTF-8"?>
<java version="1.8.0_191" class="java.beans.XMLDecoder">
 <object class="org.unibl.etf.model.ProlazakDTO">
  <void property="id">
   <string>001#101#2022_11_23T14_24_51#1</string>
  </void>
  <void property="idOsoba">
   <string>001</string>
  </void>
  <void property="informacije">
   <string>			001

14:24:52 2022-11-23
		POLICIJSKA_KONTROLA
14:24:57 2022-11-23
		NA_POTJERNICI
</string>
  </void>
  <void property="odabraniFajlovi">
   <array class="java.lang.String" length="20"/>
  </void>
  <void property="status">
   <string>NA_POTJERNICI</string>
  </void>
 </object>
</java>
