<?xml version="1.0" encoding="UTF-8"?>
<java version="1.8.0_191" class="java.beans.XMLDecoder">
 <object class="org.unibl.etf.model.ProlazakDTO">
  <void property="id">
   <string>001#101#2022_11_28T15_43_18#1</string>
  </void>
  <void property="idOsoba">
   <string>555</string>
  </void>
  <void property="informacije">
   <string>			555

15:43:18 2022-11-28
		POLICIJSKA_KONTROLA
15:43:19 2022-11-28
		NA_POTJERNICI
</string>
  </void>
  <void property="odabraniFajlovi">
   <array class="java.lang.String" length="20"/>
  </void>
  <void property="status">
   <string>NA_POTJERNICI</string>
  </void>
 </object>
</java>
