<?xml version="1.0" encoding="UTF-8"?>
<java version="1.8.0_191" class="java.beans.XMLDecoder">
 <object class="org.unibl.etf.model.ProlazakDTO">
  <void property="id">
   <string>001#101#2022_11_24T18_52_19#4</string>
  </void>
  <void property="idOsoba">
   <string>009</string>
  </void>
  <void property="informacije">
   <string>			009

18:52:19 2022-11-24
		POLICIJSKA_KONTROLA
18:52:21 2022-11-24
		NA_POTJERNICI
</string>
  </void>
  <void property="odabraniFajlovi">
   <array class="java.lang.String" length="20"/>
  </void>
  <void property="status">
   <string>NA_POTJERNICI</string>
  </void>
 </object>
</java>
