<?xml version="1.0" encoding="UTF-8"?>
<java version="1.8.0_191" class="java.beans.XMLDecoder">
 <object class="org.unibl.etf.model.ProlazakDTO">
  <void property="id">
   <string>003#101#2022_11_23T14_32_10#2</string>
  </void>
  <void property="idOsoba">
   <string>003</string>
  </void>
  <void property="informacije">
   <string>			003

14:32:10 2022-11-23
		POLICIJSKA_KONTROLA
14:32:14 2022-11-23
		NA_POTJERNICI
</string>
  </void>
  <void property="odabraniFajlovi">
   <array class="java.lang.String" length="20"/>
  </void>
  <void property="status">
   <string>NA_POTJERNICI</string>
  </void>
 </object>
</java>
