<?xml version="1.0" encoding="UTF-8"?>
<java version="1.8.0_191" class="java.beans.XMLDecoder">
 <object class="org.unibl.etf.model.ProlazakDTO">
  <void property="id">
   <string>001#101#2022_11_24T18_52_10#3</string>
  </void>
  <void property="idOsoba">
   <string>123</string>
  </void>
  <void property="informacije">
   <string>			123

18:52:10 2022-11-24
		POLICIJSKA_KONTROLA
18:52:11 2022-11-24
		NIJE_NA_POTJERNICI
18:52:16 2022-11-24
		DOKUMENTACIJA
18:54:52 2022-11-24
		ZAVRSEN
</string>
  </void>
  <void property="odabraniFajlovi">
   <array class="java.lang.String" length="1">
    <void index="0">
     <string>F:\Edukacija\Programiranje\MDP\Projektni\Aktivno\Klijentska_Aplikacija\src\resources\documents\Racun_za_prevoz.xlsx</string>
    </void>
   </array>
  </void>
  <void property="status">
   <string>ZAVRSEN</string>
  </void>
 </object>
</java>
