<?xml version="1.0" encoding="UTF-8"?>
<java version="1.8.0_191" class="java.beans.XMLDecoder">
 <object class="org.unibl.etf.model.ProlazakDTO">
  <void property="id">
   <string>001#101#2022_11_28T16_24_21#1</string>
  </void>
  <void property="idOsoba">
   <string>567</string>
  </void>
  <void property="informacije">
   <string>			567

16:24:21 2022-11-28
		POLICIJSKA_KONTROLA
16:24:25 2022-11-28
		NIJE_NA_POTJERNICI
16:24:30 2022-11-28
		DOKUMENTACIJA
16:24:48 2022-11-28
		ZAVRSEN
</string>
  </void>
  <void property="odabraniFajlovi">
   <array class="java.lang.String" length="1">
    <void index="0">
     <string>F:\Edukacija\Programiranje\MDP\Projektni\Aktivno\Klijentska_Aplikacija\src\resources\documents\Dokaz_o_porijeklu.docx</string>
    </void>
   </array>
  </void>
  <void property="status">
   <string>ZAVRSEN</string>
  </void>
 </object>
</java>
