<?xml version="1.0" encoding="UTF-8"?>
<java version="1.8.0_191" class="java.beans.XMLDecoder">
 <object class="org.unibl.etf.model.ProlazakDTO">
  <void property="id">
   <string>001#101#2022_11_23T14_31_29#1</string>
  </void>
  <void property="idOsoba">
   <string>004</string>
  </void>
  <void property="informacije">
   <string>			004

14:31:29 2022-11-23
		POLICIJSKA_KONTROLA
14:31:35 2022-11-23
		NIJE_NA_POTJERNICI
14:31:39 2022-11-23
		DOKUMENTACIJA
14:31:55 2022-11-23
		ZAVRSEN
</string>
  </void>
  <void property="odabraniFajlovi">
   <array class="java.lang.String" length="2">
    <void index="0">
     <string>F:\Edukacija\Programiranje\MDP\Projektni\Aktivno\Klijentska_Aplikacija\src\resources\documents\Granicna_prijava.csv</string>
    </void>
    <void index="1">
     <string>F:\Edukacija\Programiranje\MDP\Projektni\Aktivno\Klijentska_Aplikacija\src\resources\documents\Tovarni_list_CMR.txt</string>
    </void>
   </array>
  </void>
  <void property="status">
   <string>ZAVRSEN</string>
  </void>
 </object>
</java>
