<?xml version="1.0" encoding="UTF-8"?>
<java version="1.8.0_191" class="java.beans.XMLDecoder">
 <object class="org.unibl.etf.model.ProlazakDTO">
  <void property="id">
   <string>001#101#2022_11_28T15_50_15#4</string>
  </void>
  <void property="idOsoba">
   <string>898</string>
  </void>
  <void property="informacije">
   <string>			898

15:50:15 2022-11-28
		POLICIJSKA_KONTROLA
15:50:18 2022-11-28
		NIJE_NA_POTJERNICI
15:50:22 2022-11-28
		DOKUMENTACIJA
15:51:36 2022-11-28
		ZAVRSEN
</string>
  </void>
  <void property="odabraniFajlovi">
   <array class="java.lang.String" length="2">
    <void index="0">
     <string>F:\Edukacija\Programiranje\MDP\Projektni\Aktivno\Klijentska_Aplikacija\src\resources\documents\Tovarni_list_CMR.txt</string>
    </void>
    <void index="1">
     <string>F:\Edukacija\Programiranje\MDP\Projektni\Aktivno\Klijentska_Aplikacija\src\resources\documents\Tovarni_list_CMR.txt</string>
    </void>
   </array>
  </void>
  <void property="status">
   <string>ZAVRSEN</string>
  </void>
 </object>
</java>
