<?xml version="1.0" encoding="windows-1252" standalone="no"?>
<!DOCTYPE log SYSTEM "logger.dtd">
<log>
<record>
  <date>2022-11-28T15:34:56</date>
  <millis>1669646096649</millis>
  <sequence>0</sequence>
  <logger>java.util.logging.Logger</logger>
  <level>SEVERE</level>
  <class>org.unibl.etf.utility.FileLogger</class>
  <method>log</method>
  <thread>13</thread>
  <message>Greska pri provjeri kredencijala!</message>
  <exception>
    <message>java.io.IOException: Server returned HTTP response code: 500 for URL: http://localhost:8080/Administratorska_Aplikacija/api/korisnici/autentifikacija</message>
    <frame>
      <class>sun.net.www.protocol.http.HttpURLConnection</class>
      <method>getInputStream0</method>
      <line>1894</line>
    </frame>
    <frame>
      <class>sun.net.www.protocol.http.HttpURLConnection</class>
      <method>getInputStream</method>
      <line>1492</line>
    </frame>
    <frame>
      <class>org.unibl.etf.rest.login.KredencijaliServis</class>
      <method>provjeraKredencijala</method>
      <line>89</line>
    </frame>
    <frame>
      <class>org.unibl.etf.controller.Prijava</class>
      <method>provjeriLozinku</method>
      <line>194</line>
    </frame>
    <frame>
      <class>org.unibl.etf.controller.Prijava</class>
      <method>prijava</method>
      <line>90</line>
    </frame>
    <frame>
      <class>sun.reflect.NativeMethodAccessorImpl</class>
      <method>invoke0</method>
    </frame>
    <frame>
      <class>sun.reflect.NativeMethodAccessorImpl</class>
      <method>invoke</method>
      <line>62</line>
    </frame>
    <frame>
      <class>sun.reflect.DelegatingMethodAccessorImpl</class>
      <method>invoke</method>
      <line>43</line>
    </frame>
    <frame>
      <class>java.lang.reflect.Method</class>
      <method>invoke</method>
      <line>498</line>
    </frame>
    <frame>
      <class>sun.reflect.misc.Trampoline</class>
      <method>invoke</method>
      <line>71</line>
    </frame>
    <frame>
      <class>sun.reflect.GeneratedMethodAccessor1</class>
      <method>invoke</method>
    </frame>
    <frame>
      <class>sun.reflect.DelegatingMethodAccessorImpl</class>
      <method>invoke</method>
      <line>43</line>
    </frame>
    <frame>
      <class>java.lang.reflect.Method</class>
      <method>invoke</method>
      <line>498</line>
    </frame>
    <frame>
      <class>sun.reflect.misc.MethodUtil</class>
      <method>invoke</method>
      <line>275</line>
    </frame>
    <frame>
      <class>javafx.fxml.FXMLLoader$MethodHandler</class>
      <method>invoke</method>
      <line>1769</line>
    </frame>
    <frame>
      <class>javafx.fxml.FXMLLoader$ControllerMethodEventHandler</class>
      <method>handle</method>
      <line>1657</line>
    </frame>
    <frame>
      <class>com.sun.javafx.event.CompositeEventHandler</class>
      <method>dispatchBubblingEvent</method>
      <line>86</line>
    </frame>
    <frame>
      <class>com.sun.javafx.event.EventHandlerManager</class>
      <method>dispatchBubblingEvent</method>
      <line>238</line>
    </frame>
    <frame>
      <class>com.sun.javafx.event.EventHandlerManager</class>
      <method>dispatchBubblingEvent</method>
      <line>191</line>
    </frame>
    <frame>
      <class>com.sun.javafx.event.CompositeEventDispatcher</class>
      <method>dispatchBubblingEvent</method>
      <line>59</line>
    </frame>
    <frame>
      <class>com.sun.javafx.event.BasicEventDispatcher</class>
      <method>dispatchEvent</method>
      <line>58</line>
    </frame>
    <frame>
      <class>com.sun.javafx.event.EventDispatchChainImpl</class>
      <method>dispatchEvent</method>
      <line>114</line>
    </frame>
    <frame>
      <class>com.sun.javafx.event.BasicEventDispatcher</class>
      <method>dispatchEvent</method>
      <line>56</line>
    </frame>
    <frame>
      <class>com.sun.javafx.event.EventDispatchChainImpl</class>
      <method>dispatchEvent</method>
      <line>114</line>
    </frame>
    <frame>
      <class>com.sun.javafx.event.BasicEventDispatcher</class>
      <method>dispatchEvent</method>
      <line>56</line>
    </frame>
    <frame>
      <class>com.sun.javafx.event.EventDispatchChainImpl</class>
      <method>dispatchEvent</method>
      <line>114</line>
    </frame>
    <frame>
      <class>com.sun.javafx.event.EventUtil</class>
      <method>fireEventImpl</method>
      <line>74</line>
    </frame>
    <frame>
      <class>com.sun.javafx.event.EventUtil</class>
      <method>fireEvent</method>
      <line>49</line>
    </frame>
    <frame>
      <class>javafx.event.Event</class>
      <method>fireEvent</method>
      <line>198</line>
    </frame>
    <frame>
      <class>javafx.scene.Node</class>
      <method>fireEvent</method>
      <line>8411</line>
    </frame>
    <frame>
      <class>javafx.scene.control.Button</class>
      <method>fire</method>
      <line>185</line>
    </frame>
    <frame>
      <class>com.sun.javafx.scene.control.behavior.ButtonBehavior</class>
      <method>mouseReleased</method>
      <line>182</line>
    </frame>
    <frame>
      <class>com.sun.javafx.scene.control.skin.BehaviorSkinBase$1</class>
      <method>handle</method>
      <line>96</line>
    </frame>
    <frame>
      <class>com.sun.javafx.scene.control.skin.BehaviorSkinBase$1</class>
      <method>handle</method>
      <line>89</line>
    </frame>
    <frame>
      <class>com.sun.javafx.event.CompositeEventHandler$NormalEventHandlerRecord</class>
      <method>handleBubblingEvent</method>
      <line>218</line>
    </frame>
    <frame>
      <class>com.sun.javafx.event.CompositeEventHandler</class>
      <method>dispatchBubblingEvent</method>
      <line>80</line>
    </frame>
    <frame>
      <class>com.sun.javafx.event.EventHandlerManager</class>
      <method>dispatchBubblingEvent</method>
      <line>238</line>
    </frame>
    <frame>
      <class>com.sun.javafx.event.EventHandlerManager</class>
      <method>dispatchBubblingEvent</method>
      <line>191</line>
    </frame>
    <frame>
      <class>com.sun.javafx.event.CompositeEventDispatcher</class>
      <method>dispatchBubblingEvent</method>
      <line>59</line>
    </frame>
    <frame>
      <class>com.sun.javafx.event.BasicEventDispatcher</class>
      <method>dispatchEvent</method>
      <line>58</line>
    </frame>
    <frame>
      <class>com.sun.javafx.event.EventDispatchChainImpl</class>
      <method>dispatchEvent</method>
      <line>114</line>
    </frame>
    <frame>
      <class>com.sun.javafx.event.BasicEventDispatcher</class>
      <method>dispatchEvent</method>
      <line>56</line>
    </frame>
    <frame>
      <class>com.sun.javafx.event.EventDispatchChainImpl</class>
      <method>dispatchEvent</method>
      <line>114</line>
    </frame>
    <frame>
      <class>com.sun.javafx.event.BasicEventDispatcher</class>
      <method>dispatchEvent</method>
      <line>56</line>
    </frame>
    <frame>
      <class>com.sun.javafx.event.EventDispatchChainImpl</class>
      <method>dispatchEvent</method>
      <line>114</line>
    </frame>
    <frame>
      <class>com.sun.javafx.event.EventUtil</class>
      <method>fireEventImpl</method>
      <line>74</line>
    </frame>
    <frame>
      <class>com.sun.javafx.event.EventUtil</class>
      <method>fireEvent</method>
      <line>54</line>
    </frame>
    <frame>
      <class>javafx.event.Event</class>
      <method>fireEvent</method>
      <line>198</line>
    </frame>
    <frame>
      <class>javafx.scene.Scene$MouseHandler</class>
      <method>process</method>
      <line>3757</line>
    </frame>
    <frame>
      <class>javafx.scene.Scene$MouseHandler</class>
      <method>access$1500</method>
      <line>3485</line>
    </frame>
    <frame>
      <class>javafx.scene.Scene</class>
      <method>impl_processMouseEvent</method>
      <line>1762</line>
    </frame>
    <frame>
      <class>javafx.scene.Scene$ScenePeerListener</class>
      <method>mouseEvent</method>
      <line>2494</line>
    </frame>
    <frame>
      <class>com.sun.javafx.tk.quantum.GlassViewEventHandler$MouseEventNotification</class>
      <method>run</method>
      <line>394</line>
    </frame>
    <frame>
      <class>com.sun.javafx.tk.quantum.GlassViewEventHandler$MouseEventNotification</class>
      <method>run</method>
      <line>295</line>
    </frame>
    <frame>
      <class>java.security.AccessController</class>
      <method>doPrivileged</method>
    </frame>
    <frame>
      <class>com.sun.javafx.tk.quantum.GlassViewEventHandler</class>
      <method>lambda$handleMouseEvent$353</method>
      <line>432</line>
    </frame>
    <frame>
      <class>com.sun.javafx.tk.quantum.QuantumToolkit</class>
      <method>runWithoutRenderLock</method>
      <line>389</line>
    </frame>
    <frame>
      <class>com.sun.javafx.tk.quantum.GlassViewEventHandler</class>
      <method>handleMouseEvent</method>
      <line>431</line>
    </frame>
    <frame>
      <class>com.sun.glass.ui.View</class>
      <method>handleMouseEvent</method>
      <line>555</line>
    </frame>
    <frame>
      <class>com.sun.glass.ui.View</class>
      <method>notifyMouse</method>
      <line>937</line>
    </frame>
    <frame>
      <class>com.sun.glass.ui.win.WinApplication</class>
      <method>_runLoop</method>
    </frame>
    <frame>
      <class>com.sun.glass.ui.win.WinApplication</class>
      <method>lambda$null$147</method>
      <line>177</line>
    </frame>
    <frame>
      <class>java.lang.Thread</class>
      <method>run</method>
      <line>748</line>
    </frame>
  </exception>
</record>
</log>
<?xml version="1.0" encoding="windows-1252" standalone="no"?>
<!DOCTYPE log SYSTEM "logger.dtd">
<log>
<record>
  <date>2022-11-28T15:51:32</date>
  <millis>1669647092483</millis>
  <sequence>0</sequence>
  <logger>java.util.logging.Logger</logger>
  <level>SEVERE</level>
  <class>org.unibl.etf.utility.FileLogger</class>
  <method>log</method>
  <thread>13</thread>
  <message>Greska pri radu sa I/O.</message>
  <exception>
    <message>java.util.zip.ZipException: duplicate entry: Tovarni_list_CMR.txt</message>
    <frame>
      <class>java.util.zip.ZipOutputStream</class>
      <method>putNextEntry</method>
      <line>232</line>
    </frame>
    <frame>
      <class>org.unibl.etf.controller.GlavnaStranaCarina</class>
      <method>kompresujDokumente</method>
      <line>505</line>
    </frame>
    <frame>
      <class>org.unibl.etf.controller.GlavnaStranaCarina</class>
      <method>posaljiFajl</method>
      <line>221</line>
    </frame>
    <frame>
      <class>sun.reflect.NativeMethodAccessorImpl</class>
      <method>invoke0</method>
    </frame>
    <frame>
      <class>sun.reflect.NativeMethodAccessorImpl</class>
      <method>invoke</method>
      <line>62</line>
    </frame>
    <frame>
      <class>sun.reflect.DelegatingMethodAccessorImpl</class>
      <method>invoke</method>
      <line>43</line>
    </frame>
    <frame>
      <class>java.lang.reflect.Method</class>
      <method>invoke</method>
      <line>498</line>
    </frame>
    <frame>
      <class>sun.reflect.misc.Trampoline</class>
      <method>invoke</method>
      <line>71</line>
    </frame>
    <frame>
      <class>sun.reflect.GeneratedMethodAccessor1</class>
      <method>invoke</method>
    </frame>
    <frame>
      <class>sun.reflect.DelegatingMethodAccessorImpl</class>
      <method>invoke</method>
      <line>43</line>
    </frame>
    <frame>
      <class>java.lang.reflect.Method</class>
      <method>invoke</method>
      <line>498</line>
    </frame>
    <frame>
      <class>sun.reflect.misc.MethodUtil</class>
      <method>invoke</method>
      <line>275</line>
    </frame>
    <frame>
      <class>javafx.fxml.FXMLLoader$MethodHandler</class>
      <method>invoke</method>
      <line>1769</line>
    </frame>
    <frame>
      <class>javafx.fxml.FXMLLoader$ControllerMethodEventHandler</class>
      <method>handle</method>
      <line>1657</line>
    </frame>
    <frame>
      <class>com.sun.javafx.event.CompositeEventHandler</class>
      <method>dispatchBubblingEvent</method>
      <line>86</line>
    </frame>
    <frame>
      <class>com.sun.javafx.event.EventHandlerManager</class>
      <method>dispatchBubblingEvent</method>
      <line>238</line>
    </frame>
    <frame>
      <class>com.sun.javafx.event.EventHandlerManager</class>
      <method>dispatchBubblingEvent</method>
      <line>191</line>
    </frame>
    <frame>
      <class>com.sun.javafx.event.CompositeEventDispatcher</class>
      <method>dispatchBubblingEvent</method>
      <line>59</line>
    </frame>
    <frame>
      <class>com.sun.javafx.event.BasicEventDispatcher</class>
      <method>dispatchEvent</method>
      <line>58</line>
    </frame>
    <frame>
      <class>com.sun.javafx.event.EventDispatchChainImpl</class>
      <method>dispatchEvent</method>
      <line>114</line>
    </frame>
    <frame>
      <class>com.sun.javafx.event.BasicEventDispatcher</class>
      <method>dispatchEvent</method>
      <line>56</line>
    </frame>
    <frame>
      <class>com.sun.javafx.event.EventDispatchChainImpl</class>
      <method>dispatchEvent</method>
      <line>114</line>
    </frame>
    <frame>
      <class>com.sun.javafx.event.BasicEventDispatcher</class>
      <method>dispatchEvent</method>
      <line>56</line>
    </frame>
    <frame>
      <class>com.sun.javafx.event.EventDispatchChainImpl</class>
      <method>dispatchEvent</method>
      <line>114</line>
    </frame>
    <frame>
      <class>com.sun.javafx.event.EventUtil</class>
      <method>fireEventImpl</method>
      <line>74</line>
    </frame>
    <frame>
      <class>com.sun.javafx.event.EventUtil</class>
      <method>fireEvent</method>
      <line>49</line>
    </frame>
    <frame>
      <class>javafx.event.Event</class>
      <method>fireEvent</method>
      <line>198</line>
    </frame>
    <frame>
      <class>javafx.scene.Node</class>
      <method>fireEvent</method>
      <line>8411</line>
    </frame>
    <frame>
      <class>javafx.scene.control.Button</class>
      <method>fire</method>
      <line>185</line>
    </frame>
    <frame>
      <class>com.sun.javafx.scene.control.behavior.ButtonBehavior</class>
      <method>mouseReleased</method>
      <line>182</line>
    </frame>
    <frame>
      <class>com.sun.javafx.scene.control.skin.BehaviorSkinBase$1</class>
      <method>handle</method>
      <line>96</line>
    </frame>
    <frame>
      <class>com.sun.javafx.scene.control.skin.BehaviorSkinBase$1</class>
      <method>handle</method>
      <line>89</line>
    </frame>
    <frame>
      <class>com.sun.javafx.event.CompositeEventHandler$NormalEventHandlerRecord</class>
      <method>handleBubblingEvent</method>
      <line>218</line>
    </frame>
    <frame>
      <class>com.sun.javafx.event.CompositeEventHandler</class>
      <method>dispatchBubblingEvent</method>
      <line>80</line>
    </frame>
    <frame>
      <class>com.sun.javafx.event.EventHandlerManager</class>
      <method>dispatchBubblingEvent</method>
      <line>238</line>
    </frame>
    <frame>
      <class>com.sun.javafx.event.EventHandlerManager</class>
      <method>dispatchBubblingEvent</method>
      <line>191</line>
    </frame>
    <frame>
      <class>com.sun.javafx.event.CompositeEventDispatcher</class>
      <method>dispatchBubblingEvent</method>
      <line>59</line>
    </frame>
    <frame>
      <class>com.sun.javafx.event.BasicEventDispatcher</class>
      <method>dispatchEvent</method>
      <line>58</line>
    </frame>
    <frame>
      <class>com.sun.javafx.event.EventDispatchChainImpl</class>
      <method>dispatchEvent</method>
      <line>114</line>
    </frame>
    <frame>
      <class>com.sun.javafx.event.BasicEventDispatcher</class>
      <method>dispatchEvent</method>
      <line>56</line>
    </frame>
    <frame>
      <class>com.sun.javafx.event.EventDispatchChainImpl</class>
      <method>dispatchEvent</method>
      <line>114</line>
    </frame>
    <frame>
      <class>com.sun.javafx.event.BasicEventDispatcher</class>
      <method>dispatchEvent</method>
      <line>56</line>
    </frame>
    <frame>
      <class>com.sun.javafx.event.EventDispatchChainImpl</class>
      <method>dispatchEvent</method>
      <line>114</line>
    </frame>
    <frame>
      <class>com.sun.javafx.event.EventUtil</class>
      <method>fireEventImpl</method>
      <line>74</line>
    </frame>
    <frame>
      <class>com.sun.javafx.event.EventUtil</class>
      <method>fireEvent</method>
      <line>54</line>
    </frame>
    <frame>
      <class>javafx.event.Event</class>
      <method>fireEvent</method>
      <line>198</line>
    </frame>
    <frame>
      <class>javafx.scene.Scene$MouseHandler</class>
      <method>process</method>
      <line>3757</line>
    </frame>
    <frame>
      <class>javafx.scene.Scene$MouseHandler</class>
      <method>access$1500</method>
      <line>3485</line>
    </frame>
    <frame>
      <class>javafx.scene.Scene</class>
      <method>impl_processMouseEvent</method>
      <line>1762</line>
    </frame>
    <frame>
      <class>javafx.scene.Scene$ScenePeerListener</class>
      <method>mouseEvent</method>
      <line>2494</line>
    </frame>
    <frame>
      <class>com.sun.javafx.tk.quantum.GlassViewEventHandler$MouseEventNotification</class>
      <method>run</method>
      <line>394</line>
    </frame>
    <frame>
      <class>com.sun.javafx.tk.quantum.GlassViewEventHandler$MouseEventNotification</class>
      <method>run</method>
      <line>295</line>
    </frame>
    <frame>
      <class>java.security.AccessController</class>
      <method>doPrivileged</method>
    </frame>
    <frame>
      <class>com.sun.javafx.tk.quantum.GlassViewEventHandler</class>
      <method>lambda$handleMouseEvent$353</method>
      <line>432</line>
    </frame>
    <frame>
      <class>com.sun.javafx.tk.quantum.QuantumToolkit</class>
      <method>runWithoutRenderLock</method>
      <line>389</line>
    </frame>
    <frame>
      <class>com.sun.javafx.tk.quantum.GlassViewEventHandler</class>
      <method>handleMouseEvent</method>
      <line>431</line>
    </frame>
    <frame>
      <class>com.sun.glass.ui.View</class>
      <method>handleMouseEvent</method>
      <line>555</line>
    </frame>
    <frame>
      <class>com.sun.glass.ui.View</class>
      <method>notifyMouse</method>
      <line>937</line>
    </frame>
    <frame>
      <class>com.sun.glass.ui.win.WinApplication</class>
      <method>_runLoop</method>
    </frame>
    <frame>
      <class>com.sun.glass.ui.win.WinApplication</class>
      <method>lambda$null$147</method>
      <line>177</line>
    </frame>
    <frame>
      <class>java.lang.Thread</class>
      <method>run</method>
      <line>748</line>
    </frame>
  </exception>
</record>
</log>
<?xml version="1.0" encoding="windows-1252" standalone="no"?>
<!DOCTYPE log SYSTEM "logger.dtd">
<log>
<record>
  <date>2022-11-28T16:20:11</date>
  <millis>1669648811129</millis>
  <sequence>0</sequence>
  <logger>java.util.logging.Logger</logger>
  <level>SEVERE</level>
  <class>org.unibl.etf.utility.FileLogger</class>
  <method>log</method>
  <thread>21</thread>
  <message>Greska pri koriscenju RMI servera.</message>
  <exception>
    <message>java.rmi.ConnectException: Connection refused to host: 192.168.56.1; nested exception is: 
	java.net.ConnectException: Connection refused: connect</message>
    <frame>
      <class>sun.rmi.transport.tcp.TCPEndpoint</class>
      <method>newSocket</method>
      <line>619</line>
    </frame>
    <frame>
      <class>sun.rmi.transport.tcp.TCPChannel</class>
      <method>createConnection</method>
      <line>216</line>
    </frame>
    <frame>
      <class>sun.rmi.transport.tcp.TCPChannel</class>
      <method>newConnection</method>
      <line>202</line>
    </frame>
    <frame>
      <class>sun.rmi.server.UnicastRef</class>
      <method>newCall</method>
      <line>338</line>
    </frame>
    <frame>
      <class>sun.rmi.registry.RegistryImpl_Stub</class>
      <method>lookup</method>
      <line>112</line>
    </frame>
    <frame>
      <class>org.unibl.etf.rmi.potjernice.PotjerniceKlijent</class>
      <method>&lt;init&gt;</method>
      <line>30</line>
    </frame>
    <frame>
      <class>org.unibl.etf.rmi.potjernice.PotjerniceKlijent</class>
      <method>getPotjerniceKlijent</method>
      <line>18</line>
    </frame>
    <frame>
      <class>org.unibl.etf.controller.GlavnaStranaPolicija</class>
      <method>naPotjernici</method>
      <line>363</line>
    </frame>
    <frame>
      <class>org.unibl.etf.controller.GlavnaStranaPolicija</class>
      <method>aktivirajPolicijskuKontrolu</method>
      <line>329</line>
    </frame>
    <frame>
      <class>org.unibl.etf.controller.GlavnaStranaPolicija</class>
      <method>access$1</method>
      <line>319</line>
    </frame>
    <frame>
      <class>org.unibl.etf.controller.GlavnaStranaPolicija$4</class>
      <method>run</method>
      <line>311</line>
    </frame>
    <frame>
      <class>java.util.concurrent.Executors$RunnableAdapter</class>
      <method>call</method>
      <line>511</line>
    </frame>
    <frame>
      <class>java.util.concurrent.FutureTask</class>
      <method>runAndReset</method>
      <line>308</line>
    </frame>
    <frame>
      <class>java.util.concurrent.ScheduledThreadPoolExecutor$ScheduledFutureTask</class>
      <method>access$301</method>
      <line>180</line>
    </frame>
    <frame>
      <class>java.util.concurrent.ScheduledThreadPoolExecutor$ScheduledFutureTask</class>
      <method>run</method>
      <line>294</line>
    </frame>
    <frame>
      <class>java.util.concurrent.ThreadPoolExecutor</class>
      <method>runWorker</method>
      <line>1149</line>
    </frame>
    <frame>
      <class>java.util.concurrent.ThreadPoolExecutor$Worker</class>
      <method>run</method>
      <line>624</line>
    </frame>
    <frame>
      <class>java.lang.Thread</class>
      <method>run</method>
      <line>748</line>
    </frame>
  </exception>
</record>
<record>
  <date>2022-11-28T16:20:11</date>
  <millis>1669648811172</millis>
  <sequence>1</sequence>
  <logger>java.util.logging.Logger</logger>
  <level>SEVERE</level>
  <class>org.unibl.etf.utility.FileLogger</class>
  <method>log</method>
  <thread>21</thread>
  <message>Greska pri radu sa SOAP servisom!</message>
  <exception>
    <message>java.lang.NullPointerException</message>
    <frame>
      <class>org.unibl.etf.controller.GlavnaStranaPolicija</class>
      <method>naPotjernici</method>
      <line>363</line>
    </frame>
    <frame>
      <class>org.unibl.etf.controller.GlavnaStranaPolicija</class>
      <method>aktivirajPolicijskuKontrolu</method>
      <line>329</line>
    </frame>
    <frame>
      <class>org.unibl.etf.controller.GlavnaStranaPolicija</class>
      <method>access$1</method>
      <line>319</line>
    </frame>
    <frame>
      <class>org.unibl.etf.controller.GlavnaStranaPolicija$4</class>
      <method>run</method>
      <line>311</line>
    </frame>
    <frame>
      <class>java.util.concurrent.Executors$RunnableAdapter</class>
      <method>call</method>
      <line>511</line>
    </frame>
    <frame>
      <class>java.util.concurrent.FutureTask</class>
      <method>runAndReset</method>
      <line>308</line>
    </frame>
    <frame>
      <class>java.util.concurrent.ScheduledThreadPoolExecutor$ScheduledFutureTask</class>
      <method>access$301</method>
      <line>180</line>
    </frame>
    <frame>
      <class>java.util.concurrent.ScheduledThreadPoolExecutor$ScheduledFutureTask</class>
      <method>run</method>
      <line>294</line>
    </frame>
    <frame>
      <class>java.util.concurrent.ThreadPoolExecutor</class>
      <method>runWorker</method>
      <line>1149</line>
    </frame>
    <frame>
      <class>java.util.concurrent.ThreadPoolExecutor$Worker</class>
      <method>run</method>
      <line>624</line>
    </frame>
    <frame>
      <class>java.lang.Thread</class>
      <method>run</method>
      <line>748</line>
    </frame>
  </exception>
</record>
</log>
<?xml version="1.0" encoding="windows-1252" standalone="no"?>
<!DOCTYPE log SYSTEM "logger.dtd">
<log>
<record>
  <date>2022-11-29T22:43:33</date>
  <millis>1669758213995</millis>
  <sequence>0</sequence>
  <logger>java.util.logging.Logger</logger>
  <level>SEVERE</level>
  <class>org.unibl.etf.utility.FileLogger</class>
  <method>log</method>
  <thread>13</thread>
  <message>Greska pri radu sa SOAP servisom!</message>
  <exception>
    <message>java.nio.file.InvalidPathException: Illegal char &lt;	&gt; at index 81: E:\Education\Programiranje\MDP\Projektni\Aktivno\Centralni_Registar\src\resources	erminals</message>
    <frame>
      <class>org.apache.axis.message.SOAPFaultBuilder</class>
      <method>createFault</method>
      <line>222</line>
    </frame>
    <frame>
      <class>org.apache.axis.message.SOAPFaultBuilder</class>
      <method>endElement</method>
      <line>129</line>
    </frame>
    <frame>
      <class>org.apache.axis.encoding.DeserializationContext</class>
      <method>endElement</method>
      <line>1087</line>
    </frame>
    <frame>
      <class>com.sun.org.apache.xerces.internal.parsers.AbstractSAXParser</class>
      <method>endElement</method>
    </frame>
    <frame>
      <class>com.sun.org.apache.xerces.internal.impl.XMLDocumentFragmentScannerImpl</class>
      <method>scanEndElement</method>
    </frame>
    <frame>
      <class>com.sun.org.apache.xerces.internal.impl.XMLDocumentFragmentScannerImpl$FragmentContentDriver</class>
      <method>next</method>
    </frame>
    <frame>
      <class>com.sun.org.apache.xerces.internal.impl.XMLDocumentScannerImpl</class>
      <method>next</method>
    </frame>
    <frame>
      <class>com.sun.org.apache.xerces.internal.impl.XMLNSDocumentScannerImpl</class>
      <method>next</method>
    </frame>
    <frame>
      <class>com.sun.org.apache.xerces.internal.impl.XMLDocumentFragmentScannerImpl</class>
      <method>scanDocument</method>
    </frame>
    <frame>
      <class>com.sun.org.apache.xerces.internal.parsers.XML11Configuration</class>
      <method>parse</method>
    </frame>
    <frame>
      <class>com.sun.org.apache.xerces.internal.parsers.XML11Configuration</class>
      <method>parse</method>
    </frame>
    <frame>
      <class>com.sun.org.apache.xerces.internal.parsers.XMLParser</class>
      <method>parse</method>
    </frame>
    <frame>
      <class>com.sun.org.apache.xerces.internal.parsers.AbstractSAXParser</class>
      <method>parse</method>
    </frame>
    <frame>
      <class>com.sun.org.apache.xerces.internal.jaxp.SAXParserImpl$JAXPSAXParser</class>
      <method>parse</method>
    </frame>
    <frame>
      <class>com.sun.org.apache.xerces.internal.jaxp.SAXParserImpl</class>
      <method>parse</method>
    </frame>
    <frame>
      <class>org.apache.axis.encoding.DeserializationContext</class>
      <method>parse</method>
      <line>227</line>
    </frame>
    <frame>
      <class>org.apache.axis.SOAPPart</class>
      <method>getAsSOAPEnvelope</method>
      <line>696</line>
    </frame>
    <frame>
      <class>org.apache.axis.Message</class>
      <method>getSOAPEnvelope</method>
      <line>435</line>
    </frame>
    <frame>
      <class>org.apache.axis.handlers.soap.MustUnderstandChecker</class>
      <method>invoke</method>
      <line>62</line>
    </frame>
    <frame>
      <class>org.apache.axis.client.AxisClient</class>
      <method>invoke</method>
      <line>206</line>
    </frame>
    <frame>
      <class>org.apache.axis.client.Call</class>
      <method>invokeEngine</method>
      <line>2784</line>
    </frame>
    <frame>
      <class>org.apache.axis.client.Call</class>
      <method>invoke</method>
      <line>2767</line>
    </frame>
    <frame>
      <class>org.apache.axis.client.Call</class>
      <method>invoke</method>
      <line>2443</line>
    </frame>
    <frame>
      <class>org.apache.axis.client.Call</class>
      <method>invoke</method>
      <line>2366</line>
    </frame>
    <frame>
      <class>org.apache.axis.client.Call</class>
      <method>invoke</method>
      <line>1812</line>
    </frame>
    <frame>
      <class>org.unibl.etf.soap.centralregistry.CentralniRegistarSOAPSoapBindingStub</class>
      <method>provjeriTerminal</method>
      <line>518</line>
    </frame>
    <frame>
      <class>org.unibl.etf.controller.Prijava</class>
      <method>provjeraTerminala</method>
      <line>139</line>
    </frame>
    <frame>
      <class>org.unibl.etf.controller.Prijava</class>
      <method>provjera</method>
      <line>79</line>
    </frame>
    <frame>
      <class>sun.reflect.NativeMethodAccessorImpl</class>
      <method>invoke0</method>
    </frame>
    <frame>
      <class>sun.reflect.NativeMethodAccessorImpl</class>
      <method>invoke</method>
    </frame>
    <frame>
      <class>sun.reflect.DelegatingMethodAccessorImpl</class>
      <method>invoke</method>
    </frame>
    <frame>
      <class>java.lang.reflect.Method</class>
      <method>invoke</method>
    </frame>
    <frame>
      <class>sun.reflect.misc.Trampoline</class>
      <method>invoke</method>
    </frame>
    <frame>
      <class>sun.reflect.GeneratedMethodAccessor1</class>
      <method>invoke</method>
    </frame>
    <frame>
      <class>sun.reflect.DelegatingMethodAccessorImpl</class>
      <method>invoke</method>
    </frame>
    <frame>
      <class>java.lang.reflect.Method</class>
      <method>invoke</method>
    </frame>
    <frame>
      <class>sun.reflect.misc.MethodUtil</class>
      <method>invoke</method>
    </frame>
    <frame>
      <class>javafx.fxml.FXMLLoader$MethodHandler</class>
      <method>invoke</method>
      <line>1769</line>
    </frame>
    <frame>
      <class>javafx.fxml.FXMLLoader$ControllerMethodEventHandler</class>
      <method>handle</method>
      <line>1657</line>
    </frame>
    <frame>
      <class>com.sun.javafx.event.CompositeEventHandler</class>
      <method>dispatchBubblingEvent</method>
      <line>86</line>
    </frame>
    <frame>
      <class>com.sun.javafx.event.EventHandlerManager</class>
      <method>dispatchBubblingEvent</method>
      <line>238</line>
    </frame>
    <frame>
      <class>com.sun.javafx.event.EventHandlerManager</class>
      <method>dispatchBubblingEvent</method>
      <line>191</line>
    </frame>
    <frame>
      <class>com.sun.javafx.event.CompositeEventDispatcher</class>
      <method>dispatchBubblingEvent</method>
      <line>59</line>
    </frame>
    <frame>
      <class>com.sun.javafx.event.BasicEventDispatcher</class>
      <method>dispatchEvent</method>
      <line>58</line>
    </frame>
    <frame>
      <class>com.sun.javafx.event.EventDispatchChainImpl</class>
      <method>dispatchEvent</method>
      <line>114</line>
    </frame>
    <frame>
      <class>com.sun.javafx.event.BasicEventDispatcher</class>
      <method>dispatchEvent</method>
      <line>56</line>
    </frame>
    <frame>
      <class>com.sun.javafx.event.EventDispatchChainImpl</class>
      <method>dispatchEvent</method>
      <line>114</line>
    </frame>
    <frame>
      <class>com.sun.javafx.event.BasicEventDispatcher</class>
      <method>dispatchEvent</method>
      <line>56</line>
    </frame>
    <frame>
      <class>com.sun.javafx.event.EventDispatchChainImpl</class>
      <method>dispatchEvent</method>
      <line>114</line>
    </frame>
    <frame>
      <class>com.sun.javafx.event.EventUtil</class>
      <method>fireEventImpl</method>
      <line>74</line>
    </frame>
    <frame>
      <class>com.sun.javafx.event.EventUtil</class>
      <method>fireEvent</method>
      <line>49</line>
    </frame>
    <frame>
      <class>javafx.event.Event</class>
      <method>fireEvent</method>
      <line>198</line>
    </frame>
    <frame>
      <class>javafx.scene.Node</class>
      <method>fireEvent</method>
      <line>8411</line>
    </frame>
    <frame>
      <class>javafx.scene.control.Button</class>
      <method>fire</method>
      <line>185</line>
    </frame>
    <frame>
      <class>com.sun.javafx.scene.control.behavior.ButtonBehavior</class>
      <method>mouseReleased</method>
      <line>182</line>
    </frame>
    <frame>
      <class>com.sun.javafx.scene.control.skin.BehaviorSkinBase$1</class>
      <method>handle</method>
      <line>96</line>
    </frame>
    <frame>
      <class>com.sun.javafx.scene.control.skin.BehaviorSkinBase$1</class>
      <method>handle</method>
      <line>89</line>
    </frame>
    <frame>
      <class>com.sun.javafx.event.CompositeEventHandler$NormalEventHandlerRecord</class>
      <method>handleBubblingEvent</method>
      <line>218</line>
    </frame>
    <frame>
      <class>com.sun.javafx.event.CompositeEventHandler</class>
      <method>dispatchBubblingEvent</method>
      <line>80</line>
    </frame>
    <frame>
      <class>com.sun.javafx.event.EventHandlerManager</class>
      <method>dispatchBubblingEvent</method>
      <line>238</line>
    </frame>
    <frame>
      <class>com.sun.javafx.event.EventHandlerManager</class>
      <method>dispatchBubblingEvent</method>
      <line>191</line>
    </frame>
    <frame>
      <class>com.sun.javafx.event.CompositeEventDispatcher</class>
      <method>dispatchBubblingEvent</method>
      <line>59</line>
    </frame>
    <frame>
      <class>com.sun.javafx.event.BasicEventDispatcher</class>
      <method>dispatchEvent</method>
      <line>58</line>
    </frame>
    <frame>
      <class>com.sun.javafx.event.EventDispatchChainImpl</class>
      <method>dispatchEvent</method>
      <line>114</line>
    </frame>
    <frame>
      <class>com.sun.javafx.event.BasicEventDispatcher</class>
      <method>dispatchEvent</method>
      <line>56</line>
    </frame>
    <frame>
      <class>com.sun.javafx.event.EventDispatchChainImpl</class>
      <method>dispatchEvent</method>
      <line>114</line>
    </frame>
    <frame>
      <class>com.sun.javafx.event.BasicEventDispatcher</class>
      <method>dispatchEvent</method>
      <line>56</line>
    </frame>
    <frame>
      <class>com.sun.javafx.event.EventDispatchChainImpl</class>
      <method>dispatchEvent</method>
      <line>114</line>
    </frame>
    <frame>
      <class>com.sun.javafx.event.EventUtil</class>
      <method>fireEventImpl</method>
      <line>74</line>
    </frame>
    <frame>
      <class>com.sun.javafx.event.EventUtil</class>
      <method>fireEvent</method>
      <line>54</line>
    </frame>
    <frame>
      <class>javafx.event.Event</class>
      <method>fireEvent</method>
      <line>198</line>
    </frame>
    <frame>
      <class>javafx.scene.Scene$MouseHandler</class>
      <method>process</method>
      <line>3757</line>
    </frame>
    <frame>
      <class>javafx.scene.Scene$MouseHandler</class>
      <method>access$1500</method>
      <line>3485</line>
    </frame>
    <frame>
      <class>javafx.scene.Scene</class>
      <method>impl_processMouseEvent</method>
      <line>1762</line>
    </frame>
    <frame>
      <class>javafx.scene.Scene$ScenePeerListener</class>
      <method>mouseEvent</method>
      <line>2494</line>
    </frame>
    <frame>
      <class>com.sun.javafx.tk.quantum.GlassViewEventHandler$MouseEventNotification</class>
      <method>run</method>
      <line>394</line>
    </frame>
    <frame>
      <class>com.sun.javafx.tk.quantum.GlassViewEventHandler$MouseEventNotification</class>
      <method>run</method>
      <line>295</line>
    </frame>
    <frame>
      <class>java.security.AccessController</class>
      <method>doPrivileged</method>
    </frame>
    <frame>
      <class>com.sun.javafx.tk.quantum.GlassViewEventHandler</class>
      <method>lambda$handleMouseEvent$358</method>
      <line>432</line>
    </frame>
    <frame>
      <class>com.sun.javafx.tk.quantum.QuantumToolkit</class>
      <method>runWithoutRenderLock</method>
      <line>389</line>
    </frame>
    <frame>
      <class>com.sun.javafx.tk.quantum.GlassViewEventHandler</class>
      <method>handleMouseEvent</method>
      <line>431</line>
    </frame>
    <frame>
      <class>com.sun.glass.ui.View</class>
      <method>handleMouseEvent</method>
      <line>555</line>
    </frame>
    <frame>
      <class>com.sun.glass.ui.View</class>
      <method>notifyMouse</method>
      <line>937</line>
    </frame>
    <frame>
      <class>com.sun.glass.ui.win.WinApplication</class>
      <method>_runLoop</method>
    </frame>
    <frame>
      <class>com.sun.glass.ui.win.WinApplication</class>
      <method>lambda$null$152</method>
      <line>177</line>
    </frame>
    <frame>
      <class>java.lang.Thread</class>
      <method>run</method>
    </frame>
  </exception>
</record>
<record>
  <date>2022-11-29T22:43:43</date>
  <millis>1669758223075</millis>
  <sequence>1</sequence>
  <logger>java.util.logging.Logger</logger>
  <level>SEVERE</level>
  <class>org.unibl.etf.utility.FileLogger</class>
  <method>log</method>
  <thread>13</thread>
  <message>Greska pri radu sa SOAP servisom!</message>
  <exception>
    <message>java.nio.file.InvalidPathException: Illegal char &lt;	&gt; at index 81: E:\Education\Programiranje\MDP\Projektni\Aktivno\Centralni_Registar\src\resources	erminals</message>
    <frame>
      <class>org.apache.axis.message.SOAPFaultBuilder</class>
      <method>createFault</method>
      <line>222</line>
    </frame>
    <frame>
      <class>org.apache.axis.message.SOAPFaultBuilder</class>
      <method>endElement</method>
      <line>129</line>
    </frame>
    <frame>
      <class>org.apache.axis.encoding.DeserializationContext</class>
      <method>endElement</method>
      <line>1087</line>
    </frame>
    <frame>
      <class>com.sun.org.apache.xerces.internal.parsers.AbstractSAXParser</class>
      <method>endElement</method>
    </frame>
    <frame>
      <class>com.sun.org.apache.xerces.internal.impl.XMLDocumentFragmentScannerImpl</class>
      <method>scanEndElement</method>
    </frame>
    <frame>
      <class>com.sun.org.apache.xerces.internal.impl.XMLDocumentFragmentScannerImpl$FragmentContentDriver</class>
      <method>next</method>
    </frame>
    <frame>
      <class>com.sun.org.apache.xerces.internal.impl.XMLDocumentScannerImpl</class>
      <method>next</method>
    </frame>
    <frame>
      <class>com.sun.org.apache.xerces.internal.impl.XMLNSDocumentScannerImpl</class>
      <method>next</method>
    </frame>
    <frame>
      <class>com.sun.org.apache.xerces.internal.impl.XMLDocumentFragmentScannerImpl</class>
      <method>scanDocument</method>
    </frame>
    <frame>
      <class>com.sun.org.apache.xerces.internal.parsers.XML11Configuration</class>
      <method>parse</method>
    </frame>
    <frame>
      <class>com.sun.org.apache.xerces.internal.parsers.XML11Configuration</class>
      <method>parse</method>
    </frame>
    <frame>
      <class>com.sun.org.apache.xerces.internal.parsers.XMLParser</class>
      <method>parse</method>
    </frame>
    <frame>
      <class>com.sun.org.apache.xerces.internal.parsers.AbstractSAXParser</class>
      <method>parse</method>
    </frame>
    <frame>
      <class>com.sun.org.apache.xerces.internal.jaxp.SAXParserImpl$JAXPSAXParser</class>
      <method>parse</method>
    </frame>
    <frame>
      <class>com.sun.org.apache.xerces.internal.jaxp.SAXParserImpl</class>
      <method>parse</method>
    </frame>
    <frame>
      <class>org.apache.axis.encoding.DeserializationContext</class>
      <method>parse</method>
      <line>227</line>
    </frame>
    <frame>
      <class>org.apache.axis.SOAPPart</class>
      <method>getAsSOAPEnvelope</method>
      <line>696</line>
    </frame>
    <frame>
      <class>org.apache.axis.Message</class>
      <method>getSOAPEnvelope</method>
      <line>435</line>
    </frame>
    <frame>
      <class>org.apache.axis.handlers.soap.MustUnderstandChecker</class>
      <method>invoke</method>
      <line>62</line>
    </frame>
    <frame>
      <class>org.apache.axis.client.AxisClient</class>
      <method>invoke</method>
      <line>206</line>
    </frame>
    <frame>
      <class>org.apache.axis.client.Call</class>
      <method>invokeEngine</method>
      <line>2784</line>
    </frame>
    <frame>
      <class>org.apache.axis.client.Call</class>
      <method>invoke</method>
      <line>2767</line>
    </frame>
    <frame>
      <class>org.apache.axis.client.Call</class>
      <method>invoke</method>
      <line>2443</line>
    </frame>
    <frame>
      <class>org.apache.axis.client.Call</class>
      <method>invoke</method>
      <line>2366</line>
    </frame>
    <frame>
      <class>org.apache.axis.client.Call</class>
      <method>invoke</method>
      <line>1812</line>
    </frame>
    <frame>
      <class>org.unibl.etf.soap.centralregistry.CentralniRegistarSOAPSoapBindingStub</class>
      <method>provjeriTerminal</method>
      <line>518</line>
    </frame>
    <frame>
      <class>org.unibl.etf.controller.Prijava</class>
      <method>provjeraTerminala</method>
      <line>139</line>
    </frame>
    <frame>
      <class>org.unibl.etf.controller.Prijava</class>
      <method>provjera</method>
      <line>79</line>
    </frame>
    <frame>
      <class>sun.reflect.NativeMethodAccessorImpl</class>
      <method>invoke0</method>
    </frame>
    <frame>
      <class>sun.reflect.NativeMethodAccessorImpl</class>
      <method>invoke</method>
    </frame>
    <frame>
      <class>sun.reflect.DelegatingMethodAccessorImpl</class>
      <method>invoke</method>
    </frame>
    <frame>
      <class>java.lang.reflect.Method</class>
      <method>invoke</method>
    </frame>
    <frame>
      <class>sun.reflect.misc.Trampoline</class>
      <method>invoke</method>
    </frame>
    <frame>
      <class>sun.reflect.GeneratedMethodAccessor1</class>
      <method>invoke</method>
    </frame>
    <frame>
      <class>sun.reflect.DelegatingMethodAccessorImpl</class>
      <method>invoke</method>
    </frame>
    <frame>
      <class>java.lang.reflect.Method</class>
      <method>invoke</method>
    </frame>
    <frame>
      <class>sun.reflect.misc.MethodUtil</class>
      <method>invoke</method>
    </frame>
    <frame>
      <class>javafx.fxml.FXMLLoader$MethodHandler</class>
      <method>invoke</method>
      <line>1769</line>
    </frame>
    <frame>
      <class>javafx.fxml.FXMLLoader$ControllerMethodEventHandler</class>
      <method>handle</method>
      <line>1657</line>
    </frame>
    <frame>
      <class>com.sun.javafx.event.CompositeEventHandler</class>
      <method>dispatchBubblingEvent</method>
      <line>86</line>
    </frame>
    <frame>
      <class>com.sun.javafx.event.EventHandlerManager</class>
      <method>dispatchBubblingEvent</method>
      <line>238</line>
    </frame>
    <frame>
      <class>com.sun.javafx.event.EventHandlerManager</class>
      <method>dispatchBubblingEvent</method>
      <line>191</line>
    </frame>
    <frame>
      <class>com.sun.javafx.event.CompositeEventDispatcher</class>
      <method>dispatchBubblingEvent</method>
      <line>59</line>
    </frame>
    <frame>
      <class>com.sun.javafx.event.BasicEventDispatcher</class>
      <method>dispatchEvent</method>
      <line>58</line>
    </frame>
    <frame>
      <class>com.sun.javafx.event.EventDispatchChainImpl</class>
      <method>dispatchEvent</method>
      <line>114</line>
    </frame>
    <frame>
      <class>com.sun.javafx.event.BasicEventDispatcher</class>
      <method>dispatchEvent</method>
      <line>56</line>
    </frame>
    <frame>
      <class>com.sun.javafx.event.EventDispatchChainImpl</class>
      <method>dispatchEvent</method>
      <line>114</line>
    </frame>
    <frame>
      <class>com.sun.javafx.event.BasicEventDispatcher</class>
      <method>dispatchEvent</method>
      <line>56</line>
    </frame>
    <frame>
      <class>com.sun.javafx.event.EventDispatchChainImpl</class>
      <method>dispatchEvent</method>
      <line>114</line>
    </frame>
    <frame>
      <class>com.sun.javafx.event.EventUtil</class>
      <method>fireEventImpl</method>
      <line>74</line>
    </frame>
    <frame>
      <class>com.sun.javafx.event.EventUtil</class>
      <method>fireEvent</method>
      <line>49</line>
    </frame>
    <frame>
      <class>javafx.event.Event</class>
      <method>fireEvent</method>
      <line>198</line>
    </frame>
    <frame>
      <class>javafx.scene.Node</class>
      <method>fireEvent</method>
      <line>8411</line>
    </frame>
    <frame>
      <class>javafx.scene.control.Button</class>
      <method>fire</method>
      <line>185</line>
    </frame>
    <frame>
      <class>com.sun.javafx.scene.control.behavior.ButtonBehavior</class>
      <method>mouseReleased</method>
      <line>182</line>
    </frame>
    <frame>
      <class>com.sun.javafx.scene.control.skin.BehaviorSkinBase$1</class>
      <method>handle</method>
      <line>96</line>
    </frame>
    <frame>
      <class>com.sun.javafx.scene.control.skin.BehaviorSkinBase$1</class>
      <method>handle</method>
      <line>89</line>
    </frame>
    <frame>
      <class>com.sun.javafx.event.CompositeEventHandler$NormalEventHandlerRecord</class>
      <method>handleBubblingEvent</method>
      <line>218</line>
    </frame>
    <frame>
      <class>com.sun.javafx.event.CompositeEventHandler</class>
      <method>dispatchBubblingEvent</method>
      <line>80</line>
    </frame>
    <frame>
      <class>com.sun.javafx.event.EventHandlerManager</class>
      <method>dispatchBubblingEvent</method>
      <line>238</line>
    </frame>
    <frame>
      <class>com.sun.javafx.event.EventHandlerManager</class>
      <method>dispatchBubblingEvent</method>
      <line>191</line>
    </frame>
    <frame>
      <class>com.sun.javafx.event.CompositeEventDispatcher</class>
      <method>dispatchBubblingEvent</method>
      <line>59</line>
    </frame>
    <frame>
      <class>com.sun.javafx.event.BasicEventDispatcher</class>
      <method>dispatchEvent</method>
      <line>58</line>
    </frame>
    <frame>
      <class>com.sun.javafx.event.EventDispatchChainImpl</class>
      <method>dispatchEvent</method>
      <line>114</line>
    </frame>
    <frame>
      <class>com.sun.javafx.event.BasicEventDispatcher</class>
      <method>dispatchEvent</method>
      <line>56</line>
    </frame>
    <frame>
      <class>com.sun.javafx.event.EventDispatchChainImpl</class>
      <method>dispatchEvent</method>
      <line>114</line>
    </frame>
    <frame>
      <class>com.sun.javafx.event.BasicEventDispatcher</class>
      <method>dispatchEvent</method>
      <line>56</line>
    </frame>
    <frame>
      <class>com.sun.javafx.event.EventDispatchChainImpl</class>
      <method>dispatchEvent</method>
      <line>114</line>
    </frame>
    <frame>
      <class>com.sun.javafx.event.EventUtil</class>
      <method>fireEventImpl</method>
      <line>74</line>
    </frame>
    <frame>
      <class>com.sun.javafx.event.EventUtil</class>
      <method>fireEvent</method>
      <line>54</line>
    </frame>
    <frame>
      <class>javafx.event.Event</class>
      <method>fireEvent</method>
      <line>198</line>
    </frame>
    <frame>
      <class>javafx.scene.Scene$MouseHandler</class>
      <method>process</method>
      <line>3757</line>
    </frame>
    <frame>
      <class>javafx.scene.Scene$MouseHandler</class>
      <method>access$1500</method>
      <line>3485</line>
    </frame>
    <frame>
      <class>javafx.scene.Scene</class>
      <method>impl_processMouseEvent</method>
      <line>1762</line>
    </frame>
    <frame>
      <class>javafx.scene.Scene$ScenePeerListener</class>
      <method>mouseEvent</method>
      <line>2494</line>
    </frame>
    <frame>
      <class>com.sun.javafx.tk.quantum.GlassViewEventHandler$MouseEventNotification</class>
      <method>run</method>
      <line>394</line>
    </frame>
    <frame>
      <class>com.sun.javafx.tk.quantum.GlassViewEventHandler$MouseEventNotification</class>
      <method>run</method>
      <line>295</line>
    </frame>
    <frame>
      <class>java.security.AccessController</class>
      <method>doPrivileged</method>
    </frame>
    <frame>
      <class>com.sun.javafx.tk.quantum.GlassViewEventHandler</class>
      <method>lambda$handleMouseEvent$358</method>
      <line>432</line>
    </frame>
    <frame>
      <class>com.sun.javafx.tk.quantum.QuantumToolkit</class>
      <method>runWithoutRenderLock</method>
      <line>389</line>
    </frame>
    <frame>
      <class>com.sun.javafx.tk.quantum.GlassViewEventHandler</class>
      <method>handleMouseEvent</method>
      <line>431</line>
    </frame>
    <frame>
      <class>com.sun.glass.ui.View</class>
      <method>handleMouseEvent</method>
      <line>555</line>
    </frame>
    <frame>
      <class>com.sun.glass.ui.View</class>
      <method>notifyMouse</method>
      <line>937</line>
    </frame>
    <frame>
      <class>com.sun.glass.ui.win.WinApplication</class>
      <method>_runLoop</method>
    </frame>
    <frame>
      <class>com.sun.glass.ui.win.WinApplication</class>
      <method>lambda$null$152</method>
      <line>177</line>
    </frame>
    <frame>
      <class>java.lang.Thread</class>
      <method>run</method>
    </frame>
  </exception>
</record>
</log>
<?xml version="1.0" encoding="windows-1252" standalone="no"?>
<!DOCTYPE log SYSTEM "logger.dtd">
<log>
<record>
  <date>2022-11-29T22:51:54</date>
  <millis>1669758714656</millis>
  <sequence>0</sequence>
  <logger>java.util.logging.Logger</logger>
  <level>SEVERE</level>
  <class>org.unibl.etf.utility.FileLogger</class>
  <method>log</method>
  <thread>13</thread>
  <message>Greska pri radu sa SOAP servisom!</message>
  <exception>
    <message>java.nio.file.InvalidPathException: Illegal char &lt;	&gt; at index 81: E:\Education\Programiranje\MDP\Projektni\Aktivno\Centralni_Registar\src\resources	erminals</message>
    <frame>
      <class>org.apache.axis.message.SOAPFaultBuilder</class>
      <method>createFault</method>
      <line>222</line>
    </frame>
    <frame>
      <class>org.apache.axis.message.SOAPFaultBuilder</class>
      <method>endElement</method>
      <line>129</line>
    </frame>
    <frame>
      <class>org.apache.axis.encoding.DeserializationContext</class>
      <method>endElement</method>
      <line>1087</line>
    </frame>
    <frame>
      <class>com.sun.org.apache.xerces.internal.parsers.AbstractSAXParser</class>
      <method>endElement</method>
    </frame>
    <frame>
      <class>com.sun.org.apache.xerces.internal.impl.XMLDocumentFragmentScannerImpl</class>
      <method>scanEndElement</method>
    </frame>
    <frame>
      <class>com.sun.org.apache.xerces.internal.impl.XMLDocumentFragmentScannerImpl$FragmentContentDriver</class>
      <method>next</method>
    </frame>
    <frame>
      <class>com.sun.org.apache.xerces.internal.impl.XMLDocumentScannerImpl</class>
      <method>next</method>
    </frame>
    <frame>
      <class>com.sun.org.apache.xerces.internal.impl.XMLNSDocumentScannerImpl</class>
      <method>next</method>
    </frame>
    <frame>
      <class>com.sun.org.apache.xerces.internal.impl.XMLDocumentFragmentScannerImpl</class>
      <method>scanDocument</method>
    </frame>
    <frame>
      <class>com.sun.org.apache.xerces.internal.parsers.XML11Configuration</class>
      <method>parse</method>
    </frame>
    <frame>
      <class>com.sun.org.apache.xerces.internal.parsers.XML11Configuration</class>
      <method>parse</method>
    </frame>
    <frame>
      <class>com.sun.org.apache.xerces.internal.parsers.XMLParser</class>
      <method>parse</method>
    </frame>
    <frame>
      <class>com.sun.org.apache.xerces.internal.parsers.AbstractSAXParser</class>
      <method>parse</method>
    </frame>
    <frame>
      <class>com.sun.org.apache.xerces.internal.jaxp.SAXParserImpl$JAXPSAXParser</class>
      <method>parse</method>
    </frame>
    <frame>
      <class>com.sun.org.apache.xerces.internal.jaxp.SAXParserImpl</class>
      <method>parse</method>
    </frame>
    <frame>
      <class>org.apache.axis.encoding.DeserializationContext</class>
      <method>parse</method>
      <line>227</line>
    </frame>
    <frame>
      <class>org.apache.axis.SOAPPart</class>
      <method>getAsSOAPEnvelope</method>
      <line>696</line>
    </frame>
    <frame>
      <class>org.apache.axis.Message</class>
      <method>getSOAPEnvelope</method>
      <line>435</line>
    </frame>
    <frame>
      <class>org.apache.axis.handlers.soap.MustUnderstandChecker</class>
      <method>invoke</method>
      <line>62</line>
    </frame>
    <frame>
      <class>org.apache.axis.client.AxisClient</class>
      <method>invoke</method>
      <line>206</line>
    </frame>
    <frame>
      <class>org.apache.axis.client.Call</class>
      <method>invokeEngine</method>
      <line>2784</line>
    </frame>
    <frame>
      <class>org.apache.axis.client.Call</class>
      <method>invoke</method>
      <line>2767</line>
    </frame>
    <frame>
      <class>org.apache.axis.client.Call</class>
      <method>invoke</method>
      <line>2443</line>
    </frame>
    <frame>
      <class>org.apache.axis.client.Call</class>
      <method>invoke</method>
      <line>2366</line>
    </frame>
    <frame>
      <class>org.apache.axis.client.Call</class>
      <method>invoke</method>
      <line>1812</line>
    </frame>
    <frame>
      <class>org.unibl.etf.soap.centralregistry.CentralniRegistarSOAPSoapBindingStub</class>
      <method>provjeriTerminal</method>
      <line>518</line>
    </frame>
    <frame>
      <class>org.unibl.etf.controller.Prijava</class>
      <method>provjeraTerminala</method>
      <line>139</line>
    </frame>
    <frame>
      <class>org.unibl.etf.controller.Prijava</class>
      <method>provjera</method>
      <line>79</line>
    </frame>
    <frame>
      <class>sun.reflect.NativeMethodAccessorImpl</class>
      <method>invoke0</method>
    </frame>
    <frame>
      <class>sun.reflect.NativeMethodAccessorImpl</class>
      <method>invoke</method>
    </frame>
    <frame>
      <class>sun.reflect.DelegatingMethodAccessorImpl</class>
      <method>invoke</method>
    </frame>
    <frame>
      <class>java.lang.reflect.Method</class>
      <method>invoke</method>
    </frame>
    <frame>
      <class>sun.reflect.misc.Trampoline</class>
      <method>invoke</method>
    </frame>
    <frame>
      <class>sun.reflect.GeneratedMethodAccessor1</class>
      <method>invoke</method>
    </frame>
    <frame>
      <class>sun.reflect.DelegatingMethodAccessorImpl</class>
      <method>invoke</method>
    </frame>
    <frame>
      <class>java.lang.reflect.Method</class>
      <method>invoke</method>
    </frame>
    <frame>
      <class>sun.reflect.misc.MethodUtil</class>
      <method>invoke</method>
    </frame>
    <frame>
      <class>javafx.fxml.FXMLLoader$MethodHandler</class>
      <method>invoke</method>
      <line>1769</line>
    </frame>
    <frame>
      <class>javafx.fxml.FXMLLoader$ControllerMethodEventHandler</class>
      <method>handle</method>
      <line>1657</line>
    </frame>
    <frame>
      <class>com.sun.javafx.event.CompositeEventHandler</class>
      <method>dispatchBubblingEvent</method>
      <line>86</line>
    </frame>
    <frame>
      <class>com.sun.javafx.event.EventHandlerManager</class>
      <method>dispatchBubblingEvent</method>
      <line>238</line>
    </frame>
    <frame>
      <class>com.sun.javafx.event.EventHandlerManager</class>
      <method>dispatchBubblingEvent</method>
      <line>191</line>
    </frame>
    <frame>
      <class>com.sun.javafx.event.CompositeEventDispatcher</class>
      <method>dispatchBubblingEvent</method>
      <line>59</line>
    </frame>
    <frame>
      <class>com.sun.javafx.event.BasicEventDispatcher</class>
      <method>dispatchEvent</method>
      <line>58</line>
    </frame>
    <frame>
      <class>com.sun.javafx.event.EventDispatchChainImpl</class>
      <method>dispatchEvent</method>
      <line>114</line>
    </frame>
    <frame>
      <class>com.sun.javafx.event.BasicEventDispatcher</class>
      <method>dispatchEvent</method>
      <line>56</line>
    </frame>
    <frame>
      <class>com.sun.javafx.event.EventDispatchChainImpl</class>
      <method>dispatchEvent</method>
      <line>114</line>
    </frame>
    <frame>
      <class>com.sun.javafx.event.BasicEventDispatcher</class>
      <method>dispatchEvent</method>
      <line>56</line>
    </frame>
    <frame>
      <class>com.sun.javafx.event.EventDispatchChainImpl</class>
      <method>dispatchEvent</method>
      <line>114</line>
    </frame>
    <frame>
      <class>com.sun.javafx.event.EventUtil</class>
      <method>fireEventImpl</method>
      <line>74</line>
    </frame>
    <frame>
      <class>com.sun.javafx.event.EventUtil</class>
      <method>fireEvent</method>
      <line>49</line>
    </frame>
    <frame>
      <class>javafx.event.Event</class>
      <method>fireEvent</method>
      <line>198</line>
    </frame>
    <frame>
      <class>javafx.scene.Node</class>
      <method>fireEvent</method>
      <line>8411</line>
    </frame>
    <frame>
      <class>javafx.scene.control.Button</class>
      <method>fire</method>
      <line>185</line>
    </frame>
    <frame>
      <class>com.sun.javafx.scene.control.behavior.ButtonBehavior</class>
      <method>mouseReleased</method>
      <line>182</line>
    </frame>
    <frame>
      <class>com.sun.javafx.scene.control.skin.BehaviorSkinBase$1</class>
      <method>handle</method>
      <line>96</line>
    </frame>
    <frame>
      <class>com.sun.javafx.scene.control.skin.BehaviorSkinBase$1</class>
      <method>handle</method>
      <line>89</line>
    </frame>
    <frame>
      <class>com.sun.javafx.event.CompositeEventHandler$NormalEventHandlerRecord</class>
      <method>handleBubblingEvent</method>
      <line>218</line>
    </frame>
    <frame>
      <class>com.sun.javafx.event.CompositeEventHandler</class>
      <method>dispatchBubblingEvent</method>
      <line>80</line>
    </frame>
    <frame>
      <class>com.sun.javafx.event.EventHandlerManager</class>
      <method>dispatchBubblingEvent</method>
      <line>238</line>
    </frame>
    <frame>
      <class>com.sun.javafx.event.EventHandlerManager</class>
      <method>dispatchBubblingEvent</method>
      <line>191</line>
    </frame>
    <frame>
      <class>com.sun.javafx.event.CompositeEventDispatcher</class>
      <method>dispatchBubblingEvent</method>
      <line>59</line>
    </frame>
    <frame>
      <class>com.sun.javafx.event.BasicEventDispatcher</class>
      <method>dispatchEvent</method>
      <line>58</line>
    </frame>
    <frame>
      <class>com.sun.javafx.event.EventDispatchChainImpl</class>
      <method>dispatchEvent</method>
      <line>114</line>
    </frame>
    <frame>
      <class>com.sun.javafx.event.BasicEventDispatcher</class>
      <method>dispatchEvent</method>
      <line>56</line>
    </frame>
    <frame>
      <class>com.sun.javafx.event.EventDispatchChainImpl</class>
      <method>dispatchEvent</method>
      <line>114</line>
    </frame>
    <frame>
      <class>com.sun.javafx.event.BasicEventDispatcher</class>
      <method>dispatchEvent</method>
      <line>56</line>
    </frame>
    <frame>
      <class>com.sun.javafx.event.EventDispatchChainImpl</class>
      <method>dispatchEvent</method>
      <line>114</line>
    </frame>
    <frame>
      <class>com.sun.javafx.event.EventUtil</class>
      <method>fireEventImpl</method>
      <line>74</line>
    </frame>
    <frame>
      <class>com.sun.javafx.event.EventUtil</class>
      <method>fireEvent</method>
      <line>54</line>
    </frame>
    <frame>
      <class>javafx.event.Event</class>
      <method>fireEvent</method>
      <line>198</line>
    </frame>
    <frame>
      <class>javafx.scene.Scene$MouseHandler</class>
      <method>process</method>
      <line>3757</line>
    </frame>
    <frame>
      <class>javafx.scene.Scene$MouseHandler</class>
      <method>access$1500</method>
      <line>3485</line>
    </frame>
    <frame>
      <class>javafx.scene.Scene</class>
      <method>impl_processMouseEvent</method>
      <line>1762</line>
    </frame>
    <frame>
      <class>javafx.scene.Scene$ScenePeerListener</class>
      <method>mouseEvent</method>
      <line>2494</line>
    </frame>
    <frame>
      <class>com.sun.javafx.tk.quantum.GlassViewEventHandler$MouseEventNotification</class>
      <method>run</method>
      <line>394</line>
    </frame>
    <frame>
      <class>com.sun.javafx.tk.quantum.GlassViewEventHandler$MouseEventNotification</class>
      <method>run</method>
      <line>295</line>
    </frame>
    <frame>
      <class>java.security.AccessController</class>
      <method>doPrivileged</method>
    </frame>
    <frame>
      <class>com.sun.javafx.tk.quantum.GlassViewEventHandler</class>
      <method>lambda$handleMouseEvent$358</method>
      <line>432</line>
    </frame>
    <frame>
      <class>com.sun.javafx.tk.quantum.QuantumToolkit</class>
      <method>runWithoutRenderLock</method>
      <line>389</line>
    </frame>
    <frame>
      <class>com.sun.javafx.tk.quantum.GlassViewEventHandler</class>
      <method>handleMouseEvent</method>
      <line>431</line>
    </frame>
    <frame>
      <class>com.sun.glass.ui.View</class>
      <method>handleMouseEvent</method>
      <line>555</line>
    </frame>
    <frame>
      <class>com.sun.glass.ui.View</class>
      <method>notifyMouse</method>
      <line>937</line>
    </frame>
    <frame>
      <class>com.sun.glass.ui.win.WinApplication</class>
      <method>_runLoop</method>
    </frame>
    <frame>
      <class>com.sun.glass.ui.win.WinApplication</class>
      <method>lambda$null$152</method>
      <line>177</line>
    </frame>
    <frame>
      <class>java.lang.Thread</class>
      <method>run</method>
    </frame>
  </exception>
</record>
</log>
<?xml version="1.0" encoding="windows-1252" standalone="no"?>
<!DOCTYPE log SYSTEM "logger.dtd">
<log>
<record>
  <date>2024-07-04T11:10:02</date>
  <millis>1720084202811</millis>
  <sequence>0</sequence>
  <logger>java.util.logging.Logger</logger>
  <level>SEVERE</level>
  <class>org.unibl.etf.utility.FileLogger</class>
  <method>log</method>
  <thread>13</thread>
  <message>Greska pri radu sa SOAP servisom!</message>
  <exception>
    <message>java.lang.NullPointerException</message>
    <frame>
      <class>org.apache.axis.message.SOAPFaultBuilder</class>
      <method>createFault</method>
      <line>222</line>
    </frame>
    <frame>
      <class>org.apache.axis.message.SOAPFaultBuilder</class>
      <method>endElement</method>
      <line>129</line>
    </frame>
    <frame>
      <class>org.apache.axis.encoding.DeserializationContext</class>
      <method>endElement</method>
      <line>1087</line>
    </frame>
    <frame>
      <class>com.sun.org.apache.xerces.internal.parsers.AbstractSAXParser</class>
      <method>endElement</method>
    </frame>
    <frame>
      <class>com.sun.org.apache.xerces.internal.impl.XMLDocumentFragmentScannerImpl</class>
      <method>scanEndElement</method>
    </frame>
    <frame>
      <class>com.sun.org.apache.xerces.internal.impl.XMLDocumentFragmentScannerImpl$FragmentContentDriver</class>
      <method>next</method>
    </frame>
    <frame>
      <class>com.sun.org.apache.xerces.internal.impl.XMLDocumentScannerImpl</class>
      <method>next</method>
    </frame>
    <frame>
      <class>com.sun.org.apache.xerces.internal.impl.XMLNSDocumentScannerImpl</class>
      <method>next</method>
    </frame>
    <frame>
      <class>com.sun.org.apache.xerces.internal.impl.XMLDocumentFragmentScannerImpl</class>
      <method>scanDocument</method>
    </frame>
    <frame>
      <class>com.sun.org.apache.xerces.internal.parsers.XML11Configuration</class>
      <method>parse</method>
    </frame>
    <frame>
      <class>com.sun.org.apache.xerces.internal.parsers.XML11Configuration</class>
      <method>parse</method>
    </frame>
    <frame>
      <class>com.sun.org.apache.xerces.internal.parsers.XMLParser</class>
      <method>parse</method>
    </frame>
    <frame>
      <class>com.sun.org.apache.xerces.internal.parsers.AbstractSAXParser</class>
      <method>parse</method>
    </frame>
    <frame>
      <class>com.sun.org.apache.xerces.internal.jaxp.SAXParserImpl$JAXPSAXParser</class>
      <method>parse</method>
    </frame>
    <frame>
      <class>com.sun.org.apache.xerces.internal.jaxp.SAXParserImpl</class>
      <method>parse</method>
    </frame>
    <frame>
      <class>org.apache.axis.encoding.DeserializationContext</class>
      <method>parse</method>
      <line>227</line>
    </frame>
    <frame>
      <class>org.apache.axis.SOAPPart</class>
      <method>getAsSOAPEnvelope</method>
      <line>696</line>
    </frame>
    <frame>
      <class>org.apache.axis.Message</class>
      <method>getSOAPEnvelope</method>
      <line>435</line>
    </frame>
    <frame>
      <class>org.apache.axis.handlers.soap.MustUnderstandChecker</class>
      <method>invoke</method>
      <line>62</line>
    </frame>
    <frame>
      <class>org.apache.axis.client.AxisClient</class>
      <method>invoke</method>
      <line>206</line>
    </frame>
    <frame>
      <class>org.apache.axis.client.Call</class>
      <method>invokeEngine</method>
      <line>2784</line>
    </frame>
    <frame>
      <class>org.apache.axis.client.Call</class>
      <method>invoke</method>
      <line>2767</line>
    </frame>
    <frame>
      <class>org.apache.axis.client.Call</class>
      <method>invoke</method>
      <line>2443</line>
    </frame>
    <frame>
      <class>org.apache.axis.client.Call</class>
      <method>invoke</method>
      <line>2366</line>
    </frame>
    <frame>
      <class>org.apache.axis.client.Call</class>
      <method>invoke</method>
      <line>1812</line>
    </frame>
    <frame>
      <class>org.unibl.etf.soap.centralregistry.CentralniRegistarSOAPSoapBindingStub</class>
      <method>provjeriTerminal</method>
      <line>518</line>
    </frame>
    <frame>
      <class>org.unibl.etf.controller.Prijava</class>
      <method>provjeraTerminala</method>
      <line>139</line>
    </frame>
    <frame>
      <class>org.unibl.etf.controller.Prijava</class>
      <method>provjera</method>
      <line>79</line>
    </frame>
    <frame>
      <class>sun.reflect.NativeMethodAccessorImpl</class>
      <method>invoke0</method>
    </frame>
    <frame>
      <class>sun.reflect.NativeMethodAccessorImpl</class>
      <method>invoke</method>
    </frame>
    <frame>
      <class>sun.reflect.DelegatingMethodAccessorImpl</class>
      <method>invoke</method>
    </frame>
    <frame>
      <class>java.lang.reflect.Method</class>
      <method>invoke</method>
    </frame>
    <frame>
      <class>sun.reflect.misc.Trampoline</class>
      <method>invoke</method>
    </frame>
    <frame>
      <class>sun.reflect.GeneratedMethodAccessor1</class>
      <method>invoke</method>
    </frame>
    <frame>
      <class>sun.reflect.DelegatingMethodAccessorImpl</class>
      <method>invoke</method>
    </frame>
    <frame>
      <class>java.lang.reflect.Method</class>
      <method>invoke</method>
    </frame>
    <frame>
      <class>sun.reflect.misc.MethodUtil</class>
      <method>invoke</method>
    </frame>
    <frame>
      <class>javafx.fxml.FXMLLoader$MethodHandler</class>
      <method>invoke</method>
      <line>1769</line>
    </frame>
    <frame>
      <class>javafx.fxml.FXMLLoader$ControllerMethodEventHandler</class>
      <method>handle</method>
      <line>1657</line>
    </frame>
    <frame>
      <class>com.sun.javafx.event.CompositeEventHandler</class>
      <method>dispatchBubblingEvent</method>
      <line>86</line>
    </frame>
    <frame>
      <class>com.sun.javafx.event.EventHandlerManager</class>
      <method>dispatchBubblingEvent</method>
      <line>238</line>
    </frame>
    <frame>
      <class>com.sun.javafx.event.EventHandlerManager</class>
      <method>dispatchBubblingEvent</method>
      <line>191</line>
    </frame>
    <frame>
      <class>com.sun.javafx.event.CompositeEventDispatcher</class>
      <method>dispatchBubblingEvent</method>
      <line>59</line>
    </frame>
    <frame>
      <class>com.sun.javafx.event.BasicEventDispatcher</class>
      <method>dispatchEvent</method>
      <line>58</line>
    </frame>
    <frame>
      <class>com.sun.javafx.event.EventDispatchChainImpl</class>
      <method>dispatchEvent</method>
      <line>114</line>
    </frame>
    <frame>
      <class>com.sun.javafx.event.BasicEventDispatcher</class>
      <method>dispatchEvent</method>
      <line>56</line>
    </frame>
    <frame>
      <class>com.sun.javafx.event.EventDispatchChainImpl</class>
      <method>dispatchEvent</method>
      <line>114</line>
    </frame>
    <frame>
      <class>com.sun.javafx.event.BasicEventDispatcher</class>
      <method>dispatchEvent</method>
      <line>56</line>
    </frame>
    <frame>
      <class>com.sun.javafx.event.EventDispatchChainImpl</class>
      <method>dispatchEvent</method>
      <line>114</line>
    </frame>
    <frame>
      <class>com.sun.javafx.event.EventUtil</class>
      <method>fireEventImpl</method>
      <line>74</line>
    </frame>
    <frame>
      <class>com.sun.javafx.event.EventUtil</class>
      <method>fireEvent</method>
      <line>49</line>
    </frame>
    <frame>
      <class>javafx.event.Event</class>
      <method>fireEvent</method>
      <line>198</line>
    </frame>
    <frame>
      <class>javafx.scene.Node</class>
      <method>fireEvent</method>
      <line>8411</line>
    </frame>
    <frame>
      <class>javafx.scene.control.Button</class>
      <method>fire</method>
      <line>185</line>
    </frame>
    <frame>
      <class>com.sun.javafx.scene.control.behavior.ButtonBehavior</class>
      <method>mouseReleased</method>
      <line>182</line>
    </frame>
    <frame>
      <class>com.sun.javafx.scene.control.skin.BehaviorSkinBase$1</class>
      <method>handle</method>
      <line>96</line>
    </frame>
    <frame>
      <class>com.sun.javafx.scene.control.skin.BehaviorSkinBase$1</class>
      <method>handle</method>
      <line>89</line>
    </frame>
    <frame>
      <class>com.sun.javafx.event.CompositeEventHandler$NormalEventHandlerRecord</class>
      <method>handleBubblingEvent</method>
      <line>218</line>
    </frame>
    <frame>
      <class>com.sun.javafx.event.CompositeEventHandler</class>
      <method>dispatchBubblingEvent</method>
      <line>80</line>
    </frame>
    <frame>
      <class>com.sun.javafx.event.EventHandlerManager</class>
      <method>dispatchBubblingEvent</method>
      <line>238</line>
    </frame>
    <frame>
      <class>com.sun.javafx.event.EventHandlerManager</class>
      <method>dispatchBubblingEvent</method>
      <line>191</line>
    </frame>
    <frame>
      <class>com.sun.javafx.event.CompositeEventDispatcher</class>
      <method>dispatchBubblingEvent</method>
      <line>59</line>
    </frame>
    <frame>
      <class>com.sun.javafx.event.BasicEventDispatcher</class>
      <method>dispatchEvent</method>
      <line>58</line>
    </frame>
    <frame>
      <class>com.sun.javafx.event.EventDispatchChainImpl</class>
      <method>dispatchEvent</method>
      <line>114</line>
    </frame>
    <frame>
      <class>com.sun.javafx.event.BasicEventDispatcher</class>
      <method>dispatchEvent</method>
      <line>56</line>
    </frame>
    <frame>
      <class>com.sun.javafx.event.EventDispatchChainImpl</class>
      <method>dispatchEvent</method>
      <line>114</line>
    </frame>
    <frame>
      <class>com.sun.javafx.event.BasicEventDispatcher</class>
      <method>dispatchEvent</method>
      <line>56</line>
    </frame>
    <frame>
      <class>com.sun.javafx.event.EventDispatchChainImpl</class>
      <method>dispatchEvent</method>
      <line>114</line>
    </frame>
    <frame>
      <class>com.sun.javafx.event.EventUtil</class>
      <method>fireEventImpl</method>
      <line>74</line>
    </frame>
    <frame>
      <class>com.sun.javafx.event.EventUtil</class>
      <method>fireEvent</method>
      <line>54</line>
    </frame>
    <frame>
      <class>javafx.event.Event</class>
      <method>fireEvent</method>
      <line>198</line>
    </frame>
    <frame>
      <class>javafx.scene.Scene$MouseHandler</class>
      <method>process</method>
      <line>3757</line>
    </frame>
    <frame>
      <class>javafx.scene.Scene$MouseHandler</class>
      <method>access$1500</method>
      <line>3485</line>
    </frame>
    <frame>
      <class>javafx.scene.Scene</class>
      <method>impl_processMouseEvent</method>
      <line>1762</line>
    </frame>
    <frame>
      <class>javafx.scene.Scene$ScenePeerListener</class>
      <method>mouseEvent</method>
      <line>2494</line>
    </frame>
    <frame>
      <class>com.sun.javafx.tk.quantum.GlassViewEventHandler$MouseEventNotification</class>
      <method>run</method>
      <line>394</line>
    </frame>
    <frame>
      <class>com.sun.javafx.tk.quantum.GlassViewEventHandler$MouseEventNotification</class>
      <method>run</method>
      <line>295</line>
    </frame>
    <frame>
      <class>java.security.AccessController</class>
      <method>doPrivileged</method>
    </frame>
    <frame>
      <class>com.sun.javafx.tk.quantum.GlassViewEventHandler</class>
      <method>lambda$handleMouseEvent$358</method>
      <line>432</line>
    </frame>
    <frame>
      <class>com.sun.javafx.tk.quantum.QuantumToolkit</class>
      <method>runWithoutRenderLock</method>
      <line>389</line>
    </frame>
    <frame>
      <class>com.sun.javafx.tk.quantum.GlassViewEventHandler</class>
      <method>handleMouseEvent</method>
      <line>431</line>
    </frame>
    <frame>
      <class>com.sun.glass.ui.View</class>
      <method>handleMouseEvent</method>
      <line>555</line>
    </frame>
    <frame>
      <class>com.sun.glass.ui.View</class>
      <method>notifyMouse</method>
      <line>937</line>
    </frame>
    <frame>
      <class>com.sun.glass.ui.win.WinApplication</class>
      <method>_runLoop</method>
    </frame>
    <frame>
      <class>com.sun.glass.ui.win.WinApplication</class>
      <method>lambda$null$152</method>
      <line>177</line>
    </frame>
    <frame>
      <class>java.lang.Thread</class>
      <method>run</method>
    </frame>
  </exception>
</record>
<record>
  <date>2024-07-04T11:10:55</date>
  <millis>1720084255943</millis>
  <sequence>1</sequence>
  <logger>java.util.logging.Logger</logger>
  <level>SEVERE</level>
  <class>org.unibl.etf.utility.FileLogger</class>
  <method>log</method>
  <thread>13</thread>
  <message>Greska pri radu sa SOAP servisom!</message>
  <exception>
    <message>java.lang.NullPointerException</message>
    <frame>
      <class>org.apache.axis.message.SOAPFaultBuilder</class>
      <method>createFault</method>
      <line>222</line>
    </frame>
    <frame>
      <class>org.apache.axis.message.SOAPFaultBuilder</class>
      <method>endElement</method>
      <line>129</line>
    </frame>
    <frame>
      <class>org.apache.axis.encoding.DeserializationContext</class>
      <method>endElement</method>
      <line>1087</line>
    </frame>
    <frame>
      <class>com.sun.org.apache.xerces.internal.parsers.AbstractSAXParser</class>
      <method>endElement</method>
    </frame>
    <frame>
      <class>com.sun.org.apache.xerces.internal.impl.XMLDocumentFragmentScannerImpl</class>
      <method>scanEndElement</method>
    </frame>
    <frame>
      <class>com.sun.org.apache.xerces.internal.impl.XMLDocumentFragmentScannerImpl$FragmentContentDriver</class>
      <method>next</method>
    </frame>
    <frame>
      <class>com.sun.org.apache.xerces.internal.impl.XMLDocumentScannerImpl</class>
      <method>next</method>
    </frame>
    <frame>
      <class>com.sun.org.apache.xerces.internal.impl.XMLNSDocumentScannerImpl</class>
      <method>next</method>
    </frame>
    <frame>
      <class>com.sun.org.apache.xerces.internal.impl.XMLDocumentFragmentScannerImpl</class>
      <method>scanDocument</method>
    </frame>
    <frame>
      <class>com.sun.org.apache.xerces.internal.parsers.XML11Configuration</class>
      <method>parse</method>
    </frame>
    <frame>
      <class>com.sun.org.apache.xerces.internal.parsers.XML11Configuration</class>
      <method>parse</method>
    </frame>
    <frame>
      <class>com.sun.org.apache.xerces.internal.parsers.XMLParser</class>
      <method>parse</method>
    </frame>
    <frame>
      <class>com.sun.org.apache.xerces.internal.parsers.AbstractSAXParser</class>
      <method>parse</method>
    </frame>
    <frame>
      <class>com.sun.org.apache.xerces.internal.jaxp.SAXParserImpl$JAXPSAXParser</class>
      <method>parse</method>
    </frame>
    <frame>
      <class>com.sun.org.apache.xerces.internal.jaxp.SAXParserImpl</class>
      <method>parse</method>
    </frame>
    <frame>
      <class>org.apache.axis.encoding.DeserializationContext</class>
      <method>parse</method>
      <line>227</line>
    </frame>
    <frame>
      <class>org.apache.axis.SOAPPart</class>
      <method>getAsSOAPEnvelope</method>
      <line>696</line>
    </frame>
    <frame>
      <class>org.apache.axis.Message</class>
      <method>getSOAPEnvelope</method>
      <line>435</line>
    </frame>
    <frame>
      <class>org.apache.axis.handlers.soap.MustUnderstandChecker</class>
      <method>invoke</method>
      <line>62</line>
    </frame>
    <frame>
      <class>org.apache.axis.client.AxisClient</class>
      <method>invoke</method>
      <line>206</line>
    </frame>
    <frame>
      <class>org.apache.axis.client.Call</class>
      <method>invokeEngine</method>
      <line>2784</line>
    </frame>
    <frame>
      <class>org.apache.axis.client.Call</class>
      <method>invoke</method>
      <line>2767</line>
    </frame>
    <frame>
      <class>org.apache.axis.client.Call</class>
      <method>invoke</method>
      <line>2443</line>
    </frame>
    <frame>
      <class>org.apache.axis.client.Call</class>
      <method>invoke</method>
      <line>2366</line>
    </frame>
    <frame>
      <class>org.apache.axis.client.Call</class>
      <method>invoke</method>
      <line>1812</line>
    </frame>
    <frame>
      <class>org.unibl.etf.soap.centralregistry.CentralniRegistarSOAPSoapBindingStub</class>
      <method>provjeriTerminal</method>
      <line>518</line>
    </frame>
    <frame>
      <class>org.unibl.etf.controller.Prijava</class>
      <method>provjeraTerminala</method>
      <line>139</line>
    </frame>
    <frame>
      <class>org.unibl.etf.controller.Prijava</class>
      <method>provjera</method>
      <line>79</line>
    </frame>
    <frame>
      <class>sun.reflect.NativeMethodAccessorImpl</class>
      <method>invoke0</method>
    </frame>
    <frame>
      <class>sun.reflect.NativeMethodAccessorImpl</class>
      <method>invoke</method>
    </frame>
    <frame>
      <class>sun.reflect.DelegatingMethodAccessorImpl</class>
      <method>invoke</method>
    </frame>
    <frame>
      <class>java.lang.reflect.Method</class>
      <method>invoke</method>
    </frame>
    <frame>
      <class>sun.reflect.misc.Trampoline</class>
      <method>invoke</method>
    </frame>
    <frame>
      <class>sun.reflect.GeneratedMethodAccessor1</class>
      <method>invoke</method>
    </frame>
    <frame>
      <class>sun.reflect.DelegatingMethodAccessorImpl</class>
      <method>invoke</method>
    </frame>
    <frame>
      <class>java.lang.reflect.Method</class>
      <method>invoke</method>
    </frame>
    <frame>
      <class>sun.reflect.misc.MethodUtil</class>
      <method>invoke</method>
    </frame>
    <frame>
      <class>javafx.fxml.FXMLLoader$MethodHandler</class>
      <method>invoke</method>
      <line>1769</line>
    </frame>
    <frame>
      <class>javafx.fxml.FXMLLoader$ControllerMethodEventHandler</class>
      <method>handle</method>
      <line>1657</line>
    </frame>
    <frame>
      <class>com.sun.javafx.event.CompositeEventHandler</class>
      <method>dispatchBubblingEvent</method>
      <line>86</line>
    </frame>
    <frame>
      <class>com.sun.javafx.event.EventHandlerManager</class>
      <method>dispatchBubblingEvent</method>
      <line>238</line>
    </frame>
    <frame>
      <class>com.sun.javafx.event.EventHandlerManager</class>
      <method>dispatchBubblingEvent</method>
      <line>191</line>
    </frame>
    <frame>
      <class>com.sun.javafx.event.CompositeEventDispatcher</class>
      <method>dispatchBubblingEvent</method>
      <line>59</line>
    </frame>
    <frame>
      <class>com.sun.javafx.event.BasicEventDispatcher</class>
      <method>dispatchEvent</method>
      <line>58</line>
    </frame>
    <frame>
      <class>com.sun.javafx.event.EventDispatchChainImpl</class>
      <method>dispatchEvent</method>
      <line>114</line>
    </frame>
    <frame>
      <class>com.sun.javafx.event.BasicEventDispatcher</class>
      <method>dispatchEvent</method>
      <line>56</line>
    </frame>
    <frame>
      <class>com.sun.javafx.event.EventDispatchChainImpl</class>
      <method>dispatchEvent</method>
      <line>114</line>
    </frame>
    <frame>
      <class>com.sun.javafx.event.BasicEventDispatcher</class>
      <method>dispatchEvent</method>
      <line>56</line>
    </frame>
    <frame>
      <class>com.sun.javafx.event.EventDispatchChainImpl</class>
      <method>dispatchEvent</method>
      <line>114</line>
    </frame>
    <frame>
      <class>com.sun.javafx.event.EventUtil</class>
      <method>fireEventImpl</method>
      <line>74</line>
    </frame>
    <frame>
      <class>com.sun.javafx.event.EventUtil</class>
      <method>fireEvent</method>
      <line>49</line>
    </frame>
    <frame>
      <class>javafx.event.Event</class>
      <method>fireEvent</method>
      <line>198</line>
    </frame>
    <frame>
      <class>javafx.scene.Node</class>
      <method>fireEvent</method>
      <line>8411</line>
    </frame>
    <frame>
      <class>javafx.scene.control.Button</class>
      <method>fire</method>
      <line>185</line>
    </frame>
    <frame>
      <class>com.sun.javafx.scene.control.behavior.ButtonBehavior</class>
      <method>mouseReleased</method>
      <line>182</line>
    </frame>
    <frame>
      <class>com.sun.javafx.scene.control.skin.BehaviorSkinBase$1</class>
      <method>handle</method>
      <line>96</line>
    </frame>
    <frame>
      <class>com.sun.javafx.scene.control.skin.BehaviorSkinBase$1</class>
      <method>handle</method>
      <line>89</line>
    </frame>
    <frame>
      <class>com.sun.javafx.event.CompositeEventHandler$NormalEventHandlerRecord</class>
      <method>handleBubblingEvent</method>
      <line>218</line>
    </frame>
    <frame>
      <class>com.sun.javafx.event.CompositeEventHandler</class>
      <method>dispatchBubblingEvent</method>
      <line>80</line>
    </frame>
    <frame>
      <class>com.sun.javafx.event.EventHandlerManager</class>
      <method>dispatchBubblingEvent</method>
      <line>238</line>
    </frame>
    <frame>
      <class>com.sun.javafx.event.EventHandlerManager</class>
      <method>dispatchBubblingEvent</method>
      <line>191</line>
    </frame>
    <frame>
      <class>com.sun.javafx.event.CompositeEventDispatcher</class>
      <method>dispatchBubblingEvent</method>
      <line>59</line>
    </frame>
    <frame>
      <class>com.sun.javafx.event.BasicEventDispatcher</class>
      <method>dispatchEvent</method>
      <line>58</line>
    </frame>
    <frame>
      <class>com.sun.javafx.event.EventDispatchChainImpl</class>
      <method>dispatchEvent</method>
      <line>114</line>
    </frame>
    <frame>
      <class>com.sun.javafx.event.BasicEventDispatcher</class>
      <method>dispatchEvent</method>
      <line>56</line>
    </frame>
    <frame>
      <class>com.sun.javafx.event.EventDispatchChainImpl</class>
      <method>dispatchEvent</method>
      <line>114</line>
    </frame>
    <frame>
      <class>com.sun.javafx.event.BasicEventDispatcher</class>
      <method>dispatchEvent</method>
      <line>56</line>
    </frame>
    <frame>
      <class>com.sun.javafx.event.EventDispatchChainImpl</class>
      <method>dispatchEvent</method>
      <line>114</line>
    </frame>
    <frame>
      <class>com.sun.javafx.event.EventUtil</class>
      <method>fireEventImpl</method>
      <line>74</line>
    </frame>
    <frame>
      <class>com.sun.javafx.event.EventUtil</class>
      <method>fireEvent</method>
      <line>54</line>
    </frame>
    <frame>
      <class>javafx.event.Event</class>
      <method>fireEvent</method>
      <line>198</line>
    </frame>
    <frame>
      <class>javafx.scene.Scene$MouseHandler</class>
      <method>process</method>
      <line>3757</line>
    </frame>
    <frame>
      <class>javafx.scene.Scene$MouseHandler</class>
      <method>access$1500</method>
      <line>3485</line>
    </frame>
    <frame>
      <class>javafx.scene.Scene</class>
      <method>impl_processMouseEvent</method>
      <line>1762</line>
    </frame>
    <frame>
      <class>javafx.scene.Scene$ScenePeerListener</class>
      <method>mouseEvent</method>
      <line>2494</line>
    </frame>
    <frame>
      <class>com.sun.javafx.tk.quantum.GlassViewEventHandler$MouseEventNotification</class>
      <method>run</method>
      <line>394</line>
    </frame>
    <frame>
      <class>com.sun.javafx.tk.quantum.GlassViewEventHandler$MouseEventNotification</class>
      <method>run</method>
      <line>295</line>
    </frame>
    <frame>
      <class>java.security.AccessController</class>
      <method>doPrivileged</method>
    </frame>
    <frame>
      <class>com.sun.javafx.tk.quantum.GlassViewEventHandler</class>
      <method>lambda$handleMouseEvent$358</method>
      <line>432</line>
    </frame>
    <frame>
      <class>com.sun.javafx.tk.quantum.QuantumToolkit</class>
      <method>runWithoutRenderLock</method>
      <line>389</line>
    </frame>
    <frame>
      <class>com.sun.javafx.tk.quantum.GlassViewEventHandler</class>
      <method>handleMouseEvent</method>
      <line>431</line>
    </frame>
    <frame>
      <class>com.sun.glass.ui.View</class>
      <method>handleMouseEvent</method>
      <line>555</line>
    </frame>
    <frame>
      <class>com.sun.glass.ui.View</class>
      <method>notifyMouse</method>
      <line>937</line>
    </frame>
    <frame>
      <class>com.sun.glass.ui.win.WinApplication</class>
      <method>_runLoop</method>
    </frame>
    <frame>
      <class>com.sun.glass.ui.win.WinApplication</class>
      <method>lambda$null$152</method>
      <line>177</line>
    </frame>
    <frame>
      <class>java.lang.Thread</class>
      <method>run</method>
    </frame>
  </exception>
</record>
<?xml version="1.0" encoding="windows-1252" standalone="no"?>
<!DOCTYPE log SYSTEM "logger.dtd">
<log>
<record>
  <date>2024-07-04T11:15:40</date>
  <millis>1720084540450</millis>
  <sequence>0</sequence>
  <logger>java.util.logging.Logger</logger>
  <level>SEVERE</level>
  <class>org.unibl.etf.utility.FileLogger</class>
  <method>log</method>
  <thread>13</thread>
  <message>Greska pri radu sa SOAP servisom!</message>
  <exception>
    <message>java.lang.NullPointerException</message>
    <frame>
      <class>org.apache.axis.message.SOAPFaultBuilder</class>
      <method>createFault</method>
      <line>222</line>
    </frame>
    <frame>
      <class>org.apache.axis.message.SOAPFaultBuilder</class>
      <method>endElement</method>
      <line>129</line>
    </frame>
    <frame>
      <class>org.apache.axis.encoding.DeserializationContext</class>
      <method>endElement</method>
      <line>1087</line>
    </frame>
    <frame>
      <class>com.sun.org.apache.xerces.internal.parsers.AbstractSAXParser</class>
      <method>endElement</method>
    </frame>
    <frame>
      <class>com.sun.org.apache.xerces.internal.impl.XMLDocumentFragmentScannerImpl</class>
      <method>scanEndElement</method>
    </frame>
    <frame>
      <class>com.sun.org.apache.xerces.internal.impl.XMLDocumentFragmentScannerImpl$FragmentContentDriver</class>
      <method>next</method>
    </frame>
    <frame>
      <class>com.sun.org.apache.xerces.internal.impl.XMLDocumentScannerImpl</class>
      <method>next</method>
    </frame>
    <frame>
      <class>com.sun.org.apache.xerces.internal.impl.XMLNSDocumentScannerImpl</class>
      <method>next</method>
    </frame>
    <frame>
      <class>com.sun.org.apache.xerces.internal.impl.XMLDocumentFragmentScannerImpl</class>
      <method>scanDocument</method>
    </frame>
    <frame>
      <class>com.sun.org.apache.xerces.internal.parsers.XML11Configuration</class>
      <method>parse</method>
    </frame>
    <frame>
      <class>com.sun.org.apache.xerces.internal.parsers.XML11Configuration</class>
      <method>parse</method>
    </frame>
    <frame>
      <class>com.sun.org.apache.xerces.internal.parsers.XMLParser</class>
      <method>parse</method>
    </frame>
    <frame>
      <class>com.sun.org.apache.xerces.internal.parsers.AbstractSAXParser</class>
      <method>parse</method>
    </frame>
    <frame>
      <class>com.sun.org.apache.xerces.internal.jaxp.SAXParserImpl$JAXPSAXParser</class>
      <method>parse</method>
    </frame>
    <frame>
      <class>com.sun.org.apache.xerces.internal.jaxp.SAXParserImpl</class>
      <method>parse</method>
    </frame>
    <frame>
      <class>org.apache.axis.encoding.DeserializationContext</class>
      <method>parse</method>
      <line>227</line>
    </frame>
    <frame>
      <class>org.apache.axis.SOAPPart</class>
      <method>getAsSOAPEnvelope</method>
      <line>696</line>
    </frame>
    <frame>
      <class>org.apache.axis.Message</class>
      <method>getSOAPEnvelope</method>
      <line>435</line>
    </frame>
    <frame>
      <class>org.apache.axis.handlers.soap.MustUnderstandChecker</class>
      <method>invoke</method>
      <line>62</line>
    </frame>
    <frame>
      <class>org.apache.axis.client.AxisClient</class>
      <method>invoke</method>
      <line>206</line>
    </frame>
    <frame>
      <class>org.apache.axis.client.Call</class>
      <method>invokeEngine</method>
      <line>2784</line>
    </frame>
    <frame>
      <class>org.apache.axis.client.Call</class>
      <method>invoke</method>
      <line>2767</line>
    </frame>
    <frame>
      <class>org.apache.axis.client.Call</class>
      <method>invoke</method>
      <line>2443</line>
    </frame>
    <frame>
      <class>org.apache.axis.client.Call</class>
      <method>invoke</method>
      <line>2366</line>
    </frame>
    <frame>
      <class>org.apache.axis.client.Call</class>
      <method>invoke</method>
      <line>1812</line>
    </frame>
    <frame>
      <class>org.unibl.etf.soap.centralregistry.CentralniRegistarSOAPSoapBindingStub</class>
      <method>provjeriTerminal</method>
      <line>518</line>
    </frame>
    <frame>
      <class>org.unibl.etf.controller.Prijava</class>
      <method>provjeraTerminala</method>
      <line>139</line>
    </frame>
    <frame>
      <class>org.unibl.etf.controller.Prijava</class>
      <method>provjera</method>
      <line>79</line>
    </frame>
    <frame>
      <class>sun.reflect.NativeMethodAccessorImpl</class>
      <method>invoke0</method>
    </frame>
    <frame>
      <class>sun.reflect.NativeMethodAccessorImpl</class>
      <method>invoke</method>
    </frame>
    <frame>
      <class>sun.reflect.DelegatingMethodAccessorImpl</class>
      <method>invoke</method>
    </frame>
    <frame>
      <class>java.lang.reflect.Method</class>
      <method>invoke</method>
    </frame>
    <frame>
      <class>sun.reflect.misc.Trampoline</class>
      <method>invoke</method>
    </frame>
    <frame>
      <class>sun.reflect.GeneratedMethodAccessor1</class>
      <method>invoke</method>
    </frame>
    <frame>
      <class>sun.reflect.DelegatingMethodAccessorImpl</class>
      <method>invoke</method>
    </frame>
    <frame>
      <class>java.lang.reflect.Method</class>
      <method>invoke</method>
    </frame>
    <frame>
      <class>sun.reflect.misc.MethodUtil</class>
      <method>invoke</method>
    </frame>
    <frame>
      <class>javafx.fxml.FXMLLoader$MethodHandler</class>
      <method>invoke</method>
      <line>1769</line>
    </frame>
    <frame>
      <class>javafx.fxml.FXMLLoader$ControllerMethodEventHandler</class>
      <method>handle</method>
      <line>1657</line>
    </frame>
    <frame>
      <class>com.sun.javafx.event.CompositeEventHandler</class>
      <method>dispatchBubblingEvent</method>
      <line>86</line>
    </frame>
    <frame>
      <class>com.sun.javafx.event.EventHandlerManager</class>
      <method>dispatchBubblingEvent</method>
      <line>238</line>
    </frame>
    <frame>
      <class>com.sun.javafx.event.EventHandlerManager</class>
      <method>dispatchBubblingEvent</method>
      <line>191</line>
    </frame>
    <frame>
      <class>com.sun.javafx.event.CompositeEventDispatcher</class>
      <method>dispatchBubblingEvent</method>
      <line>59</line>
    </frame>
    <frame>
      <class>com.sun.javafx.event.BasicEventDispatcher</class>
      <method>dispatchEvent</method>
      <line>58</line>
    </frame>
    <frame>
      <class>com.sun.javafx.event.EventDispatchChainImpl</class>
      <method>dispatchEvent</method>
      <line>114</line>
    </frame>
    <frame>
      <class>com.sun.javafx.event.BasicEventDispatcher</class>
      <method>dispatchEvent</method>
      <line>56</line>
    </frame>
    <frame>
      <class>com.sun.javafx.event.EventDispatchChainImpl</class>
      <method>dispatchEvent</method>
      <line>114</line>
    </frame>
    <frame>
      <class>com.sun.javafx.event.BasicEventDispatcher</class>
      <method>dispatchEvent</method>
      <line>56</line>
    </frame>
    <frame>
      <class>com.sun.javafx.event.EventDispatchChainImpl</class>
      <method>dispatchEvent</method>
      <line>114</line>
    </frame>
    <frame>
      <class>com.sun.javafx.event.EventUtil</class>
      <method>fireEventImpl</method>
      <line>74</line>
    </frame>
    <frame>
      <class>com.sun.javafx.event.EventUtil</class>
      <method>fireEvent</method>
      <line>49</line>
    </frame>
    <frame>
      <class>javafx.event.Event</class>
      <method>fireEvent</method>
      <line>198</line>
    </frame>
    <frame>
      <class>javafx.scene.Node</class>
      <method>fireEvent</method>
      <line>8411</line>
    </frame>
    <frame>
      <class>javafx.scene.control.Button</class>
      <method>fire</method>
      <line>185</line>
    </frame>
    <frame>
      <class>com.sun.javafx.scene.control.behavior.ButtonBehavior</class>
      <method>mouseReleased</method>
      <line>182</line>
    </frame>
    <frame>
      <class>com.sun.javafx.scene.control.skin.BehaviorSkinBase$1</class>
      <method>handle</method>
      <line>96</line>
    </frame>
    <frame>
      <class>com.sun.javafx.scene.control.skin.BehaviorSkinBase$1</class>
      <method>handle</method>
      <line>89</line>
    </frame>
    <frame>
      <class>com.sun.javafx.event.CompositeEventHandler$NormalEventHandlerRecord</class>
      <method>handleBubblingEvent</method>
      <line>218</line>
    </frame>
    <frame>
      <class>com.sun.javafx.event.CompositeEventHandler</class>
      <method>dispatchBubblingEvent</method>
      <line>80</line>
    </frame>
    <frame>
      <class>com.sun.javafx.event.EventHandlerManager</class>
      <method>dispatchBubblingEvent</method>
      <line>238</line>
    </frame>
    <frame>
      <class>com.sun.javafx.event.EventHandlerManager</class>
      <method>dispatchBubblingEvent</method>
      <line>191</line>
    </frame>
    <frame>
      <class>com.sun.javafx.event.CompositeEventDispatcher</class>
      <method>dispatchBubblingEvent</method>
      <line>59</line>
    </frame>
    <frame>
      <class>com.sun.javafx.event.BasicEventDispatcher</class>
      <method>dispatchEvent</method>
      <line>58</line>
    </frame>
    <frame>
      <class>com.sun.javafx.event.EventDispatchChainImpl</class>
      <method>dispatchEvent</method>
      <line>114</line>
    </frame>
    <frame>
      <class>com.sun.javafx.event.BasicEventDispatcher</class>
      <method>dispatchEvent</method>
      <line>56</line>
    </frame>
    <frame>
      <class>com.sun.javafx.event.EventDispatchChainImpl</class>
      <method>dispatchEvent</method>
      <line>114</line>
    </frame>
    <frame>
      <class>com.sun.javafx.event.BasicEventDispatcher</class>
      <method>dispatchEvent</method>
      <line>56</line>
    </frame>
    <frame>
      <class>com.sun.javafx.event.EventDispatchChainImpl</class>
      <method>dispatchEvent</method>
      <line>114</line>
    </frame>
    <frame>
      <class>com.sun.javafx.event.EventUtil</class>
      <method>fireEventImpl</method>
      <line>74</line>
    </frame>
    <frame>
      <class>com.sun.javafx.event.EventUtil</class>
      <method>fireEvent</method>
      <line>54</line>
    </frame>
    <frame>
      <class>javafx.event.Event</class>
      <method>fireEvent</method>
      <line>198</line>
    </frame>
    <frame>
      <class>javafx.scene.Scene$MouseHandler</class>
      <method>process</method>
      <line>3757</line>
    </frame>
    <frame>
      <class>javafx.scene.Scene$MouseHandler</class>
      <method>access$1500</method>
      <line>3485</line>
    </frame>
    <frame>
      <class>javafx.scene.Scene</class>
      <method>impl_processMouseEvent</method>
      <line>1762</line>
    </frame>
    <frame>
      <class>javafx.scene.Scene$ScenePeerListener</class>
      <method>mouseEvent</method>
      <line>2494</line>
    </frame>
    <frame>
      <class>com.sun.javafx.tk.quantum.GlassViewEventHandler$MouseEventNotification</class>
      <method>run</method>
      <line>394</line>
    </frame>
    <frame>
      <class>com.sun.javafx.tk.quantum.GlassViewEventHandler$MouseEventNotification</class>
      <method>run</method>
      <line>295</line>
    </frame>
    <frame>
      <class>java.security.AccessController</class>
      <method>doPrivileged</method>
    </frame>
    <frame>
      <class>com.sun.javafx.tk.quantum.GlassViewEventHandler</class>
      <method>lambda$handleMouseEvent$358</method>
      <line>432</line>
    </frame>
    <frame>
      <class>com.sun.javafx.tk.quantum.QuantumToolkit</class>
      <method>runWithoutRenderLock</method>
      <line>389</line>
    </frame>
    <frame>
      <class>com.sun.javafx.tk.quantum.GlassViewEventHandler</class>
      <method>handleMouseEvent</method>
      <line>431</line>
    </frame>
    <frame>
      <class>com.sun.glass.ui.View</class>
      <method>handleMouseEvent</method>
      <line>555</line>
    </frame>
    <frame>
      <class>com.sun.glass.ui.View</class>
      <method>notifyMouse</method>
      <line>937</line>
    </frame>
    <frame>
      <class>com.sun.glass.ui.win.WinApplication</class>
      <method>_runLoop</method>
    </frame>
    <frame>
      <class>com.sun.glass.ui.win.WinApplication</class>
      <method>lambda$null$152</method>
      <line>177</line>
    </frame>
    <frame>
      <class>java.lang.Thread</class>
      <method>run</method>
    </frame>
  </exception>
</record>
</log>
